Component: ARM Compiler 5.06 update 6 (build 750) Tool: armlink [4d35ed]

==============================================================================

Section Cross References

    startup_stm32f103xb.o(RESET) refers to startup_stm32f103xb.o(STACK) for __initial_sp
    startup_stm32f103xb.o(RESET) refers to startup_stm32f103xb.o(.text) for Reset_Handler
    startup_stm32f103xb.o(RESET) refers to stm32f1xx_it.o(i.NMI_Handler) for NMI_Handler
    startup_stm32f103xb.o(RESET) refers to stm32f1xx_it.o(i.HardFault_Handler) for HardFault_Handler
    startup_stm32f103xb.o(RESET) refers to stm32f1xx_it.o(i.MemManage_Handler) for MemManage_Handler
    startup_stm32f103xb.o(RESET) refers to stm32f1xx_it.o(i.BusFault_Handler) for BusFault_Handler
    startup_stm32f103xb.o(RESET) refers to stm32f1xx_it.o(i.UsageFault_Handler) for UsageFault_Handler
    startup_stm32f103xb.o(RESET) refers to stm32f1xx_it.o(i.SVC_Handler) for SVC_Handler
    startup_stm32f103xb.o(RESET) refers to stm32f1xx_it.o(i.DebugMon_Handler) for DebugMon_Handler
    startup_stm32f103xb.o(RESET) refers to stm32f1xx_it.o(i.PendSV_Handler) for PendSV_Handler
    startup_stm32f103xb.o(RESET) refers to stm32f1xx_it.o(i.SysTick_Handler) for SysTick_Handler
    startup_stm32f103xb.o(RESET) refers to stm32f1xx_it.o(i.TIM2_IRQHandler) for TIM2_IRQHandler
    startup_stm32f103xb.o(RESET) refers to stm32f1xx_it.o(i.TIM3_IRQHandler) for TIM3_IRQHandler
    startup_stm32f103xb.o(RESET) refers to stm32f1xx_it.o(i.TIM4_IRQHandler) for TIM4_IRQHandler
    startup_stm32f103xb.o(RESET) refers to stm32f1xx_it.o(i.I2C1_EV_IRQHandler) for I2C1_EV_IRQHandler
    startup_stm32f103xb.o(RESET) refers to stm32f1xx_it.o(i.I2C1_ER_IRQHandler) for I2C1_ER_IRQHandler
    startup_stm32f103xb.o(RESET) refers to stm32f1xx_it.o(i.USART3_IRQHandler) for USART3_IRQHandler
    startup_stm32f103xb.o(.text) refers to system_stm32f1xx.o(i.SystemInit) for SystemInit
    startup_stm32f103xb.o(.text) refers to entry.o(.ARM.Collect$$$$00000000) for __main
    sd_hal_mpu6050.o(i.SD_MPU6050_DisableInterrupts) refers to stm32f1xx_hal_i2c.o(i.HAL_I2C_Master_Transmit) for HAL_I2C_Master_Transmit
    sd_hal_mpu6050.o(i.SD_MPU6050_EnableInterrupts) refers to stm32f1xx_hal_i2c.o(i.HAL_I2C_Master_Transmit) for HAL_I2C_Master_Transmit
    sd_hal_mpu6050.o(i.SD_MPU6050_EnableInterrupts) refers to stm32f1xx_hal_i2c.o(i.HAL_I2C_Master_Receive) for HAL_I2C_Master_Receive
    sd_hal_mpu6050.o(i.SD_MPU6050_Init) refers to stm32f1xx_hal_i2c.o(i.HAL_I2C_IsDeviceReady) for HAL_I2C_IsDeviceReady
    sd_hal_mpu6050.o(i.SD_MPU6050_Init) refers to stm32f1xx_hal_i2c.o(i.HAL_I2C_Master_Transmit) for HAL_I2C_Master_Transmit
    sd_hal_mpu6050.o(i.SD_MPU6050_Init) refers to stm32f1xx_hal_i2c.o(i.HAL_I2C_Master_Receive) for HAL_I2C_Master_Receive
    sd_hal_mpu6050.o(i.SD_MPU6050_Init) refers to sd_hal_mpu6050.o(i.SD_MPU6050_SetDataRate) for SD_MPU6050_SetDataRate
    sd_hal_mpu6050.o(i.SD_MPU6050_Init) refers to sd_hal_mpu6050.o(i.SD_MPU6050_SetAccelerometer) for SD_MPU6050_SetAccelerometer
    sd_hal_mpu6050.o(i.SD_MPU6050_Init) refers to sd_hal_mpu6050.o(i.SD_MPU6050_SetGyroscope) for SD_MPU6050_SetGyroscope
    sd_hal_mpu6050.o(i.SD_MPU6050_ReadAccelerometer) refers to stm32f1xx_hal_i2c.o(i.HAL_I2C_Master_Transmit) for HAL_I2C_Master_Transmit
    sd_hal_mpu6050.o(i.SD_MPU6050_ReadAccelerometer) refers to stm32f1xx_hal_i2c.o(i.HAL_I2C_Master_Receive) for HAL_I2C_Master_Receive
    sd_hal_mpu6050.o(i.SD_MPU6050_ReadAll) refers to stm32f1xx_hal_i2c.o(i.HAL_I2C_Master_Transmit) for HAL_I2C_Master_Transmit
    sd_hal_mpu6050.o(i.SD_MPU6050_ReadAll) refers to stm32f1xx_hal_i2c.o(i.HAL_I2C_Master_Receive) for HAL_I2C_Master_Receive
    sd_hal_mpu6050.o(i.SD_MPU6050_ReadAll) refers to fflti.o(.text) for __aeabi_i2f
    sd_hal_mpu6050.o(i.SD_MPU6050_ReadAll) refers to fdiv.o(.text) for __aeabi_fdiv
    sd_hal_mpu6050.o(i.SD_MPU6050_ReadAll) refers to fadd.o(.text) for __aeabi_fadd
    sd_hal_mpu6050.o(i.SD_MPU6050_ReadGyroscope) refers to stm32f1xx_hal_i2c.o(i.HAL_I2C_Master_Transmit) for HAL_I2C_Master_Transmit
    sd_hal_mpu6050.o(i.SD_MPU6050_ReadGyroscope) refers to stm32f1xx_hal_i2c.o(i.HAL_I2C_Master_Receive) for HAL_I2C_Master_Receive
    sd_hal_mpu6050.o(i.SD_MPU6050_ReadInterrupts) refers to stm32f1xx_hal_i2c.o(i.HAL_I2C_Master_Transmit) for HAL_I2C_Master_Transmit
    sd_hal_mpu6050.o(i.SD_MPU6050_ReadInterrupts) refers to stm32f1xx_hal_i2c.o(i.HAL_I2C_Master_Receive) for HAL_I2C_Master_Receive
    sd_hal_mpu6050.o(i.SD_MPU6050_ReadTemperature) refers to stm32f1xx_hal_i2c.o(i.HAL_I2C_Master_Transmit) for HAL_I2C_Master_Transmit
    sd_hal_mpu6050.o(i.SD_MPU6050_ReadTemperature) refers to stm32f1xx_hal_i2c.o(i.HAL_I2C_Master_Receive) for HAL_I2C_Master_Receive
    sd_hal_mpu6050.o(i.SD_MPU6050_ReadTemperature) refers to fflti.o(.text) for __aeabi_i2f
    sd_hal_mpu6050.o(i.SD_MPU6050_ReadTemperature) refers to fdiv.o(.text) for __aeabi_fdiv
[...]
    Removing stm32f1xx_hal_gpio.o(i.HAL_GPIO_EXTI_Callback), (2 bytes).
    Removing stm32f1xx_hal_gpio.o(i.HAL_GPIO_EXTI_IRQHandler), (24 bytes).
    Removing stm32f1xx_hal_gpio.o(i.HAL_GPIO_LockPin), (34 bytes).
    Removing stm32f1xx_hal_gpio.o(i.HAL_GPIO_ReadPin), (10 bytes).
    Removing stm32f1xx_hal_gpio.o(i.HAL_GPIO_TogglePin), (8 bytes).
    Removing stm32f1xx_hal_dma.o(.rev16_text), (4 bytes).
    Removing stm32f1xx_hal_dma.o(.revsh_text), (4 bytes).
    Removing stm32f1xx_hal_dma.o(.rrx_text), (6 bytes).
    Removing stm32f1xx_hal_dma.o(i.DMA_SetConfig), (42 bytes).
    Removing stm32f1xx_hal_dma.o(i.HAL_DMA_Abort), (48 bytes).
    Removing stm32f1xx_hal_dma.o(i.HAL_DMA_DeInit), (92 bytes).
    Removing stm32f1xx_hal_dma.o(i.HAL_DMA_GetError), (4 bytes).
    Removing stm32f1xx_hal_dma.o(i.HAL_DMA_GetState), (6 bytes).
    Removing stm32f1xx_hal_dma.o(i.HAL_DMA_IRQHandler), (340 bytes).
    Removing stm32f1xx_hal_dma.o(i.HAL_DMA_Init), (92 bytes).
    Removing stm32f1xx_hal_dma.o(i.HAL_DMA_PollForTransfer), (532 bytes).
    Removing stm32f1xx_hal_dma.o(i.HAL_DMA_RegisterCallback), (74 bytes).
    Removing stm32f1xx_hal_dma.o(i.HAL_DMA_Start), (80 bytes).
    Removing stm32f1xx_hal_dma.o(i.HAL_DMA_Start_IT), (112 bytes).
    Removing stm32f1xx_hal_dma.o(i.HAL_DMA_UnRegisterCallback), (82 bytes).
    Removing stm32f1xx_hal_cortex.o(.rev16_text), (4 bytes).
    Removing stm32f1xx_hal_cortex.o(.revsh_text), (4 bytes).
    Removing stm32f1xx_hal_cortex.o(.rrx_text), (6 bytes).
    Removing stm32f1xx_hal_cortex.o(i.HAL_NVIC_ClearPendingIRQ), (22 bytes).
    Removing stm32f1xx_hal_cortex.o(i.HAL_NVIC_DisableIRQ), (22 bytes).
    Removing stm32f1xx_hal_cortex.o(i.HAL_NVIC_GetActive), (32 bytes).
    Removing stm32f1xx_hal_cortex.o(i.HAL_NVIC_GetPendingIRQ), (32 bytes).
    Removing stm32f1xx_hal_cortex.o(i.HAL_NVIC_GetPriority), (82 bytes).
    Removing stm32f1xx_hal_cortex.o(i.HAL_NVIC_GetPriorityGrouping), (16 bytes).
    Removing stm32f1xx_hal_cortex.o(i.HAL_NVIC_SetPendingIRQ), (22 bytes).
    Removing stm32f1xx_hal_cortex.o(i.HAL_NVIC_SystemReset), (36 bytes).
    Removing stm32f1xx_hal_cortex.o(i.HAL_SYSTICK_CLKSourceConfig), (24 bytes).
    Removing stm32f1xx_hal_cortex.o(i.HAL_SYSTICK_Callback), (2 bytes).
    Removing stm32f1xx_hal_cortex.o(i.HAL_SYSTICK_IRQHandler), (8 bytes).
    Removing stm32f1xx_hal_pwr.o(.rev16_text), (4 bytes).
    Removing stm32f1xx_hal_pwr.o(.revsh_text), (4 bytes).
    Removing stm32f1xx_hal_pwr.o(.rrx_text), (6 bytes).
    Removing stm32f1xx_hal_pwr.o(i.HAL_PWR_ConfigPVD), (124 bytes).
    Removing stm32f1xx_hal_pwr.o(i.HAL_PWR_DeInit), (24 bytes).
    Removing stm32f1xx_hal_pwr.o(i.HAL_PWR_DisableBkUpAccess), (12 bytes).
    Removing stm32f1xx_hal_pwr.o(i.HAL_PWR_DisablePVD), (12 bytes).
    Removing stm32f1xx_hal_pwr.o(i.HAL_PWR_DisableSEVOnPend), (16 bytes).
    Removing stm32f1xx_hal_pwr.o(i.HAL_PWR_DisableSleepOnExit), (16 bytes).
    Removing stm32f1xx_hal_pwr.o(i.HAL_PWR_DisableWakeUpPin), (28 bytes).
    Removing stm32f1xx_hal_pwr.o(i.HAL_PWR_EnableBkUpAccess), (12 bytes).
    Removing stm32f1xx_hal_pwr.o(i.HAL_PWR_EnablePVD), (12 bytes).
    Removing stm32f1xx_hal_pwr.o(i.HAL_PWR_EnableSEVOnPend), (16 bytes).
    Removing stm32f1xx_hal_pwr.o(i.HAL_PWR_EnableSleepOnExit), (16 bytes).
    Removing stm32f1xx_hal_pwr.o(i.HAL_PWR_EnableWakeUpPin), (28 bytes).
    Removing stm32f1xx_hal_pwr.o(i.HAL_PWR_EnterSLEEPMode), (32 bytes).
    Removing stm32f1xx_hal_pwr.o(i.HAL_PWR_EnterSTANDBYMode), (32 bytes).
    Removing stm32f1xx_hal_pwr.o(i.HAL_PWR_EnterSTOPMode), (68 bytes).
    Removing stm32f1xx_hal_pwr.o(i.HAL_PWR_PVDCallback), (2 bytes).
    Removing stm32f1xx_hal_pwr.o(i.HAL_PWR_PVD_IRQHandler), (28 bytes).
    Removing stm32f1xx_hal_pwr.o(i.PWR_OverloadWfe), (6 bytes).
    Removing stm32f1xx_hal_flash.o(.rev16_text), (4 bytes).
    Removing stm32f1xx_hal_flash.o(.revsh_text), (4 bytes).
    Removing stm32f1xx_hal_flash.o(.rrx_text), (6 bytes).
    Removing stm32f1xx_hal_flash.o(i.FLASH_Program_HalfWord), (28 bytes).
    Removing stm32f1xx_hal_flash.o(i.FLASH_SetErrorCode), (92 bytes).
    Removing stm32f1xx_hal_flash.o(i.FLASH_WaitForLastOperation), (84 bytes).
    Removing stm32f1xx_hal_flash.o(i.HAL_FLASH_EndOfOperationCallback), (2 bytes).
    Removing stm32f1xx_hal_flash.o(i.HAL_FLASH_GetError), (12 bytes).
    Removing stm32f1xx_hal_flash.o(i.HAL_FLASH_IRQHandler), (264 bytes).
    Removing stm32f1xx_hal_flash.o(i.HAL_FLASH_Lock), (20 bytes).
    Removing stm32f1xx_hal_flash.o(i.HAL_FLASH_OB_Launch), (4 bytes).
    Removing stm32f1xx_hal_flash.o(i.HAL_FLASH_OB_Lock), (20 bytes).
    Removing stm32f1xx_hal_flash.o(i.HAL_FLASH_OB_Unlock), (36 bytes).
    Removing stm32f1xx_hal_flash.o(i.HAL_FLASH_OperationErrorCallback), (2 bytes).
    Removing stm32f1xx_hal_flash.o(i.HAL_FLASH_Program), (128 bytes).
    Removing stm32f1xx_hal_flash.o(i.HAL_FLASH_Program_IT), (100 bytes).
    Removing stm32f1xx_hal_flash.o(i.HAL_FLASH_Unlock), (40 bytes).
    Removing stm32f1xx_hal_flash.o(.bss), (32 bytes).
    Removing stm32f1xx_hal_flash_ex.o(.rev16_text), (4 bytes).
    Removing stm32f1xx_hal_flash_ex.o(.revsh_text), (4 bytes).
    Removing stm32f1xx_hal_flash_ex.o(.rrx_text), (6 bytes).
    Removing stm32f1xx_hal_flash_ex.o(i.FLASH_MassErase), (36 bytes).
    Removing stm32f1xx_hal_flash_ex.o(i.FLASH_OB_DisableWRP), (176 bytes).
    Removing stm32f1xx_hal_flash_ex.o(i.FLASH_OB_EnableWRP), (176 bytes).
    Removing stm32f1xx_hal_flash_ex.o(i.FLASH_OB_GetRDP), (24 bytes).
    Removing stm32f1xx_hal_flash_ex.o(i.FLASH_OB_RDP_LevelConfig), (100 bytes).
    Removing stm32f1xx_hal_flash_ex.o(i.FLASH_PageErase), (36 bytes).
    Removing stm32f1xx_hal_flash_ex.o(i.HAL_FLASHEx_Erase), (168 bytes).
    Removing stm32f1xx_hal_flash_ex.o(i.HAL_FLASHEx_Erase_IT), (84 bytes).
    Removing stm32f1xx_hal_flash_ex.o(i.HAL_FLASHEx_OBErase), (84 bytes).
    Removing stm32f1xx_hal_flash_ex.o(i.HAL_FLASHEx_OBGetConfig), (36 bytes).
    Removing stm32f1xx_hal_flash_ex.o(i.HAL_FLASHEx_OBGetUserData), (32 bytes).
    Removing stm32f1xx_hal_flash_ex.o(i.HAL_FLASHEx_OBProgram), (200 bytes).
    Removing system_stm32f1xx.o(.rev16_text), (4 bytes).
    Removing system_stm32f1xx.o(.revsh_text), (4 bytes).
    Removing system_stm32f1xx.o(.rrx_text), (6 bytes).
    Removing system_stm32f1xx.o(i.SystemCoreClockUpdate), (104 bytes).
    Removing cdcmple.o(.text), (48 bytes).

395 unused section(s) (total 24910 bytes) removed from the image.

==============================================================================

Image Symbol Table

    Local Symbols

    Symbol Name                              Value     Ov Type        Size  Object(Section)

    ../Drivers/STM32F1xx_HAL_Driver/Src/stm32f1xx_hal.c 0x00000000   Number         0  stm32f1xx_hal.o ABSOLUTE
    ../Drivers/STM32F1xx_HAL_Driver/Src/stm32f1xx_hal_cortex.c 0x00000000   Number         0  stm32f1xx_hal_cortex.o ABSOLUTE
    ../Drivers/STM32F1xx_HAL_Driver/Src/stm32f1xx_hal_dma.c 0x00000000   Number         0  stm32f1xx_hal_dma.o ABSOLUTE
    ../Drivers/STM32F1xx_HAL_Driver/Src/stm32f1xx_hal_flash.c 0x00000000   Number         0  stm32f1xx_hal_flash.o ABSOLUTE
    ../Drivers/STM32F1xx_HAL_Driver/Src/stm32f1xx_hal_flash_ex.c 0x00000000   Number         0  stm32f1xx_hal_flash_ex.o ABSOLUTE
    ../Drivers/STM32F1xx_HAL_Driver/Src/stm32f1xx_hal_gpio.c 0x00000000   Number         0  stm32f1xx_hal_gpio.o ABSOLUTE
    ../Drivers/STM32F1xx_HAL_Driver/Src/stm32f1xx_hal_gpio_ex.c 0x00000000   Number         0  stm32f1xx_hal_gpio_ex.o ABSOLUTE
    ../Drivers/STM32F1xx_HAL_Driver/Src/stm32f1xx_hal_i2c.c 0x00000000   Number         0  stm32f1xx_hal_i2c.o ABSOLUTE
    ../Drivers/STM32F1xx_HAL_Driver/Src/stm32f1xx_hal_pwr.c 0x00000000   Number         0  stm32f1xx_hal_pwr.o ABSOLUTE
    ../Drivers/STM32F1xx_HAL_Driver/Src/stm32f1xx_hal_rcc.c 0x00000000   Number         0  stm32f1xx_hal_rcc.o ABSOLUTE
    ../Drivers/STM32F1xx_HAL_Driver/Src/stm32f1xx_hal_rcc_ex.c 0x00000000   Number         0  stm32f1xx_hal_rcc_ex.o ABSOLUTE
    ../Drivers/STM32F1xx_HAL_Driver/Src/stm32f1xx_hal_tim.c 0x00000000   Number         0  stm32f1xx_hal_tim.o ABSOLUTE
    ../Drivers/STM32F1xx_HAL_Driver/Src/stm32f1xx_hal_tim_ex.c 0x00000000   Number         0  stm32f1xx_hal_tim_ex.o ABSOLUTE
    ../Drivers/STM32F1xx_HAL_Driver/Src/stm32f1xx_hal_uart.c 0x00000000   Number         0  stm32f1xx_hal_uart.o ABSOLUTE
    ../Src/main.c                            0x00000000   Number         0  main.o ABSOLUTE
    ../Src/stm32f1xx_hal_msp.c               0x00000000   Number         0  stm32f1xx_hal_msp.o ABSOLUTE
    ../Src/stm32f1xx_it.c                    0x00000000   Number         0  stm32f1xx_it.o ABSOLUTE
    ../Src/system_stm32f1xx.c                0x00000000   Number         0  system_stm32f1xx.o ABSOLUTE
    ../clib/microlib/errno.c                 0x00000000   Number         0  errno.o ABSOLUTE
    ../clib/microlib/init/entry.s            0x00000000   Number         0  entry11a.o ABSOLUTE
    ../clib/microlib/init/entry.s            0x00000000   Number         0  entry10b.o ABSOLUTE
    ../clib/microlib/init/entry.s            0x00000000   Number         0  entry10a.o ABSOLUTE
    ../clib/microlib/init/entry.s            0x00000000   Number         0  entry9b.o ABSOLUTE
    ../clib/microlib/init/entry.s            0x00000000   Number         0  entry8b.o ABSOLUTE
    ../clib/microlib/init/entry.s            0x00000000   Number         0  entry8a.o ABSOLUTE
    ../clib/microlib/init/entry.s            0x00000000   Number         0  entry7b.o ABSOLUTE
    ../clib/microlib/init/entry.s            0x00000000   Number         0  entry7a.o ABSOLUTE
    ../clib/microlib/init/entry.s            0x00000000   Number         0  entry5.o ABSOLUTE
    ../clib/microlib/init/entry.s            0x00000000   Number         0  entry2.o ABSOLUTE
    ../clib/microlib/init/entry.s            0x00000000   Number         0  entry9a.o ABSOLUTE
    ../clib/microlib/init/entry.s            0x00000000   Number         0  entry.o ABSOLUTE
    ../clib/microlib/init/entry.s            0x00000000   Number         0  entry11b.o ABSOLUTE
    ../clib/microlib/longlong.c              0x00000000   Number         0  llshl.o ABSOLUTE
    ../clib/microlib/longlong.c              0x00000000   Number         0  llsshr.o ABSOLUTE
    ../clib/microlib/longlong.c              0x00000000   Number         0  llushr.o ABSOLUTE
    ../clib/microlib/string/memset.c         0x00000000   Number         0  memseta.o ABSOLUTE
    ../clib/microlib/stubs.s                 0x00000000   Number         0  iusefp.o ABSOLUTE
    ../fplib/microlib/d2f.c                  0x00000000   Number         0  d2f.o ABSOLUTE
    ../fplib/microlib/f2d.c                  0x00000000   Number         0  f2d.o ABSOLUTE
    ../fplib/microlib/fpadd.c                0x00000000   Number         0  fadd.o ABSOLUTE
    ../fplib/microlib/fpadd.c                0x00000000   Number         0  dadd.o ABSOLUTE
    ../fplib/microlib/fpdiv.c                0x00000000   Number         0  ddiv.o ABSOLUTE
    ../fplib/microlib/fpdiv.c                0x00000000   Number         0  fdiv.o ABSOLUTE
    ../fplib/microlib/fpepilogue.c           0x00000000   Number         0  fepilogue.o ABSOLUTE
    ../fplib/microlib/fpepilogue.c           0x00000000   Number         0  depilogue.o ABSOLUTE
    ../fplib/microlib/fpfix.c                0x00000000   Number         0  ffixui.o ABSOLUTE
    ../fplib/microlib/fpflt.c                0x00000000   Number         0  fflti.o ABSOLUTE
    ../fplib/microlib/fpmul.c                0x00000000   Number         0  dmul.o ABSOLUTE
    ../fplib/microlib/fpmul.c                0x00000000   Number         0  fmul.o ABSOLUTE
    ../fplib/microlib/fpscalb.c              0x00000000   Number         0  fscalb.o ABSOLUTE
    ../fplib/microlib/fpscalb.c              0x00000000   Number         0  dscalb.o ABSOLUTE
    ../fplib/microlib/fpsqrt.c               0x00000000   Number         0  dsqrt.o ABSOLUTE
    ../mathlib/atan.c                        0x00000000   Number         0  atan.o ABSOLUTE
    ../mathlib/atan.c                        0x00000000   Number         0  atan_x.o ABSOLUTE
    ../mathlib/atan2.c                       0x00000000   Number         0  atan2_x.o ABSOLUTE
    ../mathlib/atan2.c                       0x00000000   Number         0  atan2.o ABSOLUTE
    ../mathlib/dunder.c                      0x00000000   Number         0  dunder.o ABSOLUTE
    ../mathlib/fpclassify.c                  0x00000000   Number         0  fpclassify.o ABSOLUTE
    ../mathlib/poly.c                        0x00000000   Number         0  poly.o ABSOLUTE
    ../mathlib/qnan.c                        0x00000000   Number         0  qnan.o ABSOLUTE
    ../mathlib/sqrt.c                        0x00000000   Number         0  sqrt.o ABSOLUTE
    ../mathlib/sqrt.c                        0x00000000   Number         0  sqrt_x.o ABSOLUTE
    ..\Drivers\STM32F1xx_HAL_Driver\Src\stm32f1xx_hal.c 0x00000000   Number         0  stm32f1xx_hal.o ABSOLUTE
    ..\Drivers\STM32F1xx_HAL_Driver\Src\stm32f1xx_hal_cortex.c 0x00000000   Number         0  stm32f1xx_hal_cortex.o ABSOLUTE
    ..\Drivers\STM32F1xx_HAL_Driver\Src\stm32f1xx_hal_dma.c 0x00000000   Number         0  stm32f1xx_hal_dma.o ABSOLUTE
    ..\Drivers\STM32F1xx_HAL_Driver\Src\stm32f1xx_hal_flash.c 0x00000000   Number         0  stm32f1xx_hal_flash.o ABSOLUTE
    ..\Drivers\STM32F1xx_HAL_Driver\Src\stm32f1xx_hal_flash_ex.c 0x00000000   Number         0  stm32f1xx_hal_flash_ex.o ABSOLUTE
    ..\Drivers\STM32F1xx_HAL_Driver\Src\stm32f1xx_hal_gpio.c 0x00000000   Number         0  stm32f1xx_hal_gpio.o ABSOLUTE
    ..\Drivers\STM32F1xx_HAL_Driver\Src\stm32f1xx_hal_gpio_ex.c 0x00000000   Number         0  stm32f1xx_hal_gpio_ex.o ABSOLUTE
    ..\Drivers\STM32F1xx_HAL_Driver\Src\stm32f1xx_hal_i2c.c 0x00000000   Number         0  stm32f1xx_hal_i2c.o ABSOLUTE
    ..\Drivers\STM32F1xx_HAL_Driver\Src\stm32f1xx_hal_pwr.c 0x00000000   Number         0  stm32f1xx_hal_pwr.o ABSOLUTE
    ..\Drivers\STM32F1xx_HAL_Driver\Src\stm32f1xx_hal_rcc.c 0x00000000   Number         0  stm32f1xx_hal_rcc.o ABSOLUTE
    ..\Drivers\STM32F1xx_HAL_Driver\Src\stm32f1xx_hal_rcc_ex.c 0x00000000   Number         0  stm32f1xx_hal_rcc_ex.o ABSOLUTE
    ..\Drivers\STM32F1xx_HAL_Driver\Src\stm32f1xx_hal_tim.c 0x00000000   Number         0  stm32f1xx_hal_tim.o ABSOLUTE
    ..\Drivers\STM32F1xx_HAL_Driver\Src\stm32f1xx_hal_tim_ex.c 0x00000000   Number         0  stm32f1xx_hal_tim_ex.o ABSOLUTE
    ..\Drivers\STM32F1xx_HAL_Driver\Src\stm32f1xx_hal_uart.c 0x00000000   Number         0  stm32f1xx_hal_uart.o ABSOLUTE
    ..\Src\main.c                            0x00000000   Number         0  main.o ABSOLUTE
    ..\Src\sd_hal_mpu6050.c                  0x00000000   Number         0  sd_hal_mpu6050.o ABSOLUTE
    ..\Src\stm32f1xx_hal_msp.c               0x00000000   Number         0  stm32f1xx_hal_msp.o ABSOLUTE
    ..\Src\stm32f1xx_it.c                    0x00000000   Number         0  stm32f1xx_it.o ABSOLUTE
    ..\Src\system_stm32f1xx.c                0x00000000   Number         0  system_stm32f1xx.o ABSOLUTE
    ..\\Src\\sd_hal_mpu6050.c                0x00000000   Number         0  sd_hal_mpu6050.o ABSOLUTE
    cdcmple.s                                0x00000000   Number         0  cdcmple.o ABSOLUTE
    cfrcmple.s                               0x00000000   Number         0  cfrcmple.o ABSOLUTE
    dc.s                                     0x00000000   Number         0  dc.o ABSOLUTE
    handlers.s                               0x00000000   Number         0  handlers.o ABSOLUTE
    init.s                                   0x00000000   Number         0  init.o ABSOLUTE
    startup_stm32f103xb.s                    0x00000000   Number         0  startup_stm32f103xb.o ABSOLUTE
    RESET                                    0x08000000   Section      236  startup_stm32f103xb.o(RESET)
    .ARM.Collect$$$$00000000                 0x080000ec   Section        0  entry.o(.ARM.Collect$$$$00000000)
    .ARM.Collect$$$$00000001                 0x080000ec   Section        4  entry2.o(.ARM.Collect$$$$00000001)
    .ARM.Collect$$$$00000004                 0x080000f0   Section        4  entry5.o(.ARM.Collect$$$$00000004)
    .ARM.Collect$$$$00000008                 0x080000f4   Section        0  entry7b.o(.ARM.Collect$$$$00000008)
    .ARM.Collect$$$$0000000A                 0x080000f4   Section        0  entry8b.o(.ARM.Collect$$$$0000000A)
    .ARM.Collect$$$$0000000B                 0x080000f4   Section        8  entry9a.o(.ARM.Collect$$$$0000000B)
    .ARM.Collect$$$$0000000D                 0x080000fc   Section        0  entry10a.o(.ARM.Collect$$$$0000000D)
    .ARM.Collect$$$$0000000F                 0x080000fc   Section        0  entry11a.o(.ARM.Collect$$$$0000000F)
    .ARM.Collect$$$$00002712                 0x080000fc   Section        4  entry2.o(.ARM.Collect$$$$00002712)
    __lit__00000000                          0x080000fc   Data           4  entry2.o(.ARM.Collect$$$$00002712)
    .text                                    0x08000100   Section       36  startup_stm32f103xb.o(.text)
    .text                                    0x08000124   Section        0  llushr.o(.text)
    .text                                    0x08000144   Section        0  memseta.o(.text)
    .text                                    0x08000168   Section        0  fadd.o(.text)
    .text                                    0x08000218   Section        0  fmul.o(.text)
    .text                                    0x0800027c   Section        0  fdiv.o(.text)
    .text                                    0x080002f8   Section        0  fscalb.o(.text)
    .text                                    0x08000310   Section        0  dadd.o(.text)
    .text                                    0x0800045e   Section        0  dmul.o(.text)
    .text                                    0x08000542   Section        0  ddiv.o(.text)
    .text                                    0x08000620   Section        0  dscalb.o(.text)
    .text                                    0x0800064e   Section        0  fflti.o(.text)
    .text                                    0x08000660   Section        0  ffixui.o(.text)
    .text                                    0x08000688   Section        0  f2d.o(.text)
    .text                                    0x080006ae   Section        0  d2f.o(.text)
    .text                                    0x080006e8   Section       20  cfrcmple.o(.text)
    .text                                    0x080006fc   Section        0  llshl.o(.text)
    .text                                    0x0800071a   Section        0  llsshr.o(.text)
    .text                                    0x0800073e   Section        0  iusefp.o(.text)
    .text                                    0x0800073e   Section        0  fepilogue.o(.text)
    .text                                    0x080007ac   Section        0  depilogue.o(.text)
    .text                                    0x08000866   Section        0  dsqrt.o(.text)
    .text                                    0x08000908   Section       36  init.o(.text)
    i.BusFault_Handler                       0x0800092c   Section        0  stm32f1xx_it.o(i.BusFault_Handler)
    i.DebugMon_Handler                       0x0800092e   Section        0  stm32f1xx_it.o(i.DebugMon_Handler)
    i.HAL_DMA_Abort_IT                       0x08000930   Section        0  stm32f1xx_hal_dma.o(i.HAL_DMA_Abort_IT)
    i.HAL_GPIO_Init                          0x080009c8   Section        0  stm32f1xx_hal_gpio.o(i.HAL_GPIO_Init)
    i.HAL_GPIO_WritePin                      0x08000b84   Section        0  stm32f1xx_hal_gpio.o(i.HAL_GPIO_WritePin)
    i.HAL_GetTick                            0x08000b90   Section        0  stm32f1xx_hal.o(i.HAL_GetTick)
    i.HAL_I2C_AbortCpltCallback              0x08000b9c   Section        0  stm32f1xx_hal_i2c.o(i.HAL_I2C_AbortCpltCallback)
    i.HAL_I2C_AddrCallback                   0x08000b9e   Section        0  stm32f1xx_hal_i2c.o(i.HAL_I2C_AddrCallback)
    i.HAL_I2C_ER_IRQHandler                  0x08000ba0   Section        0  stm32f1xx_hal_i2c.o(i.HAL_I2C_ER_IRQHandler)
    i.HAL_I2C_EV_IRQHandler                  0x08000c70   Section        0  stm32f1xx_hal_i2c.o(i.HAL_I2C_EV_IRQHandler)
    i.HAL_I2C_ErrorCallback                  0x08000e60   Section        0  stm32f1xx_hal_i2c.o(i.HAL_I2C_ErrorCallback)
    i.HAL_I2C_Init                           0x08000e64   Section        0  stm32f1xx_hal_i2c.o(i.HAL_I2C_Init)
    i.HAL_I2C_IsDeviceReady                  0x08000fa4   Section        0  stm32f1xx_hal_i2c.o(i.HAL_I2C_IsDeviceReady)
    i.HAL_I2C_ListenCpltCallback             0x08001104   Section        0  stm32f1xx_hal_i2c.o(i.HAL_I2C_ListenCpltCallback)
    i.HAL_I2C_MasterRxCpltCallback           0x08001106   Section        0  stm32f1xx_hal_i2c.o(i.HAL_I2C_MasterRxCpltCallback)
    i.HAL_I2C_MasterTxCpltCallback           0x08001108   Section        0  stm32f1xx_hal_i2c.o(i.HAL_I2C_MasterTxCpltCallback)
    i.HAL_I2C_Master_Receive                 0x0800110c   Section        0  stm32f1xx_hal_i2c.o(i.HAL_I2C_Master_Receive)
    i.HAL_I2C_Master_Transmit                0x0800131c   Section        0  stm32f1xx_hal_i2c.o(i.HAL_I2C_Master_Transmit)
    i.HAL_I2C_MemRxCpltCallback              0x08001454   Section        0  stm32f1xx_hal_i2c.o(i.HAL_I2C_MemRxCpltCallback)
    i.HAL_I2C_MemTxCpltCallback              0x08001456   Section        0  stm32f1xx_hal_i2c.o(i.HAL_I2C_MemTxCpltCallback)
    i.HAL_I2C_MspInit                        0x08001458   Section        0  stm32f1xx_hal_msp.o(i.HAL_I2C_MspInit)
    i.HAL_I2C_SlaveRxCpltCallback            0x080014e8   Section        0  stm32f1xx_hal_i2c.o(i.HAL_I2C_SlaveRxCpltCallback)
    i.HAL_I2C_SlaveTxCpltCallback            0x080014ea   Section        0  stm32f1xx_hal_i2c.o(i.HAL_I2C_SlaveTxCpltCallback)
    i.HAL_IncTick                            0x080014ec   Section        0  stm32f1xx_hal.o(i.HAL_IncTick)
    i.HAL_Init                               0x080014fc   Section        0  stm32f1xx_hal.o(i.HAL_Init)
    i.HAL_InitTick                           0x08001520   Section        0  stm32f1xx_hal.o(i.HAL_InitTick)
    i.HAL_MspInit                            0x08001560   Section        0  stm32f1xx_hal_msp.o(i.HAL_MspInit)
    i.HAL_NVIC_EnableIRQ                     0x0800159c   Section        0  stm32f1xx_hal_cortex.o(i.HAL_NVIC_EnableIRQ)
    i.HAL_NVIC_SetPriority                   0x080015b4   Section        0  stm32f1xx_hal_cortex.o(i.HAL_NVIC_SetPriority)
    i.HAL_NVIC_SetPriorityGrouping           0x080015f4   Section        0  stm32f1xx_hal_cortex.o(i.HAL_NVIC_SetPriorityGrouping)
    i.HAL_RCC_ClockConfig                    0x08001618   Section        0  stm32f1xx_hal_rcc.o(i.HAL_RCC_ClockConfig)
    i.HAL_RCC_GetPCLK1Freq                   0x08001784   Section        0  stm32f1xx_hal_rcc.o(i.HAL_RCC_GetPCLK1Freq)
    i.HAL_RCC_GetPCLK2Freq                   0x080017a4   Section        0  stm32f1xx_hal_rcc.o(i.HAL_RCC_GetPCLK2Freq)
    i.HAL_RCC_GetSysClockFreq                0x080017c4   Section        0  stm32f1xx_hal_rcc.o(i.HAL_RCC_GetSysClockFreq)
    i.HAL_RCC_OscConfig                      0x08001830   Section        0  stm32f1xx_hal_rcc.o(i.HAL_RCC_OscConfig)
    i.HAL_SYSTICK_Config                     0x08001b34   Section        0  stm32f1xx_hal_cortex.o(i.HAL_SYSTICK_Config)
    i.HAL_TIMEx_BreakCallback                0x08001b5c   Section        0  stm32f1xx_hal_tim_ex.o(i.HAL_TIMEx_BreakCallback)
    i.HAL_TIMEx_CommutationCallback          0x08001b5e   Section        0  stm32f1xx_hal_tim_ex.o(i.HAL_TIMEx_CommutationCallback)
    i.HAL_TIMEx_ConfigBreakDeadTime          0x08001b60   Section        0  stm32f1xx_hal_tim_ex.o(i.HAL_TIMEx_ConfigBreakDeadTime)
    i.HAL_TIMEx_MasterConfigSynchronization  0x08001bba   Section        0  stm32f1xx_hal_tim_ex.o(i.HAL_TIMEx_MasterConfigSynchronization)
    i.HAL_TIM_Base_Init                      0x08001c0a   Section        0  stm32f1xx_hal_tim.o(i.HAL_TIM_Base_Init)
    i.HAL_TIM_Base_MspInit                   0x08001c40   Section        0  stm32f1xx_hal_msp.o(i.HAL_TIM_Base_MspInit)
    i.HAL_TIM_Base_Start_IT                  0x08001c94   Section        0  stm32f1xx_hal_tim.o(i.HAL_TIM_Base_Start_IT)
    i.HAL_TIM_ConfigClockSource              0x08001cac   Section        0  stm32f1xx_hal_tim.o(i.HAL_TIM_ConfigClockSource)
    i.HAL_TIM_Encoder_Init                   0x08001d9e   Section        0  stm32f1xx_hal_tim.o(i.HAL_TIM_Encoder_Init)
    i.HAL_TIM_Encoder_MspInit                0x08001e34   Section        0  stm32f1xx_hal_msp.o(i.HAL_TIM_Encoder_MspInit)
    i.HAL_TIM_IC_CaptureCallback             0x08001f1c   Section        0  stm32f1xx_hal_tim.o(i.HAL_TIM_IC_CaptureCallback)
    i.HAL_TIM_IRQHandler                     0x08001f1e   Section        0  stm32f1xx_hal_tim.o(i.HAL_TIM_IRQHandler)
    i.HAL_TIM_MspPostInit                    0x08002084   Section        0  stm32f1xx_hal_msp.o(i.HAL_TIM_MspPostInit)
    i.HAL_TIM_OC_DelayElapsedCallback        0x080020d0   Section        0  stm32f1xx_hal_tim.o(i.HAL_TIM_OC_DelayElapsedCallback)
    i.HAL_TIM_PWM_ConfigChannel              0x080020d2   Section        0  stm32f1xx_hal_tim.o(i.HAL_TIM_PWM_ConfigChannel)
    i.HAL_TIM_PWM_Init                       0x080021a2   Section        0  stm32f1xx_hal_tim.o(i.HAL_TIM_PWM_Init)
    i.HAL_TIM_PWM_MspInit                    0x080021d8   Section        0  stm32f1xx_hal_tim.o(i.HAL_TIM_PWM_MspInit)
    i.HAL_TIM_PWM_PulseFinishedCallback      0x080021da   Section        0  stm32f1xx_hal_tim.o(i.HAL_TIM_PWM_PulseFinishedCallback)
    i.HAL_TIM_PWM_Start                      0x080021dc   Section        0  stm32f1xx_hal_tim.o(i.HAL_TIM_PWM_Start)
    i.HAL_TIM_PeriodElapsedCallback          0x0800220c   Section        0  main.o(i.HAL_TIM_PeriodElapsedCallback)
    i.HAL_TIM_TriggerCallback                0x08002424   Section        0  stm32f1xx_hal_tim.o(i.HAL_TIM_TriggerCallback)
    i.HAL_UART_ErrorCallback                 0x08002426   Section        0  stm32f1xx_hal_uart.o(i.HAL_UART_ErrorCallback)
    i.HAL_UART_IRQHandler                    0x08002428   Section        0  stm32f1xx_hal_uart.o(i.HAL_UART_IRQHandler)
    i.HAL_UART_Init                          0x08002538   Section        0  stm32f1xx_hal_uart.o(i.HAL_UART_Init)
    i.HAL_UART_MspInit                       0x0800259c   Section        0  stm32f1xx_hal_msp.o(i.HAL_UART_MspInit)
    i.HAL_UART_RxCpltCallback                0x0800261c   Section        0  stm32f1xx_hal_uart.o(i.HAL_UART_RxCpltCallback)
    i.HAL_UART_TxCpltCallback                0x0800261e   Section        0  stm32f1xx_hal_uart.o(i.HAL_UART_TxCpltCallback)
    i.HardFault_Handler                      0x08002620   Section        0  stm32f1xx_it.o(i.HardFault_Handler)
    i.I2C1_ER_IRQHandler                     0x08002624   Section        0  stm32f1xx_it.o(i.I2C1_ER_IRQHandler)
    i.I2C1_EV_IRQHandler                     0x08002630   Section        0  stm32f1xx_it.o(i.I2C1_EV_IRQHandler)
    i.I2C_DMAAbort                           0x0800263c   Section        0  stm32f1xx_hal_i2c.o(i.I2C_DMAAbort)
    I2C_DMAAbort                             0x0800263d   Thumb Code    78  stm32f1xx_hal_i2c.o(i.I2C_DMAAbort)
    i.I2C_ITError                            0x0800268c   Section        0  stm32f1xx_hal_i2c.o(i.I2C_ITError)
    I2C_ITError                              0x0800268d   Thumb Code   284  stm32f1xx_hal_i2c.o(i.I2C_ITError)
    i.I2C_IsAcknowledgeFailed                0x080027b0   Section        0  stm32f1xx_hal_i2c.o(i.I2C_IsAcknowledgeFailed)
    I2C_IsAcknowledgeFailed                  0x080027b1   Thumb Code    40  stm32f1xx_hal_i2c.o(i.I2C_IsAcknowledgeFailed)
    i.I2C_MasterReceive_BTF                  0x080027d8   Section        0  stm32f1xx_hal_i2c.o(i.I2C_MasterReceive_BTF)
    I2C_MasterReceive_BTF                    0x080027d9   Thumb Code   194  stm32f1xx_hal_i2c.o(i.I2C_MasterReceive_BTF)
    i.I2C_MasterReceive_RXNE                 0x080028a0   Section        0  stm32f1xx_hal_i2c.o(i.I2C_MasterReceive_RXNE)
    I2C_MasterReceive_RXNE                   0x080028a1   Thumb Code   174  stm32f1xx_hal_i2c.o(i.I2C_MasterReceive_RXNE)
    i.I2C_MasterRequestRead                  0x0800294e   Section        0  stm32f1xx_hal_i2c.o(i.I2C_MasterRequestRead)
    I2C_MasterRequestRead                    0x0800294f   Thumb Code   222  stm32f1xx_hal_i2c.o(i.I2C_MasterRequestRead)
    i.I2C_MasterRequestWrite                 0x08002a2c   Section        0  stm32f1xx_hal_i2c.o(i.I2C_MasterRequestWrite)
    I2C_MasterRequestWrite                   0x08002a2d   Thumb Code   142  stm32f1xx_hal_i2c.o(i.I2C_MasterRequestWrite)
    i.I2C_MasterTransmit_BTF                 0x08002ac0   Section        0  stm32f1xx_hal_i2c.o(i.I2C_MasterTransmit_BTF)
    I2C_MasterTransmit_BTF                   0x08002ac1   Thumb Code   128  stm32f1xx_hal_i2c.o(i.I2C_MasterTransmit_BTF)
    i.I2C_MasterTransmit_TXE                 0x08002b40   Section        0  stm32f1xx_hal_i2c.o(i.I2C_MasterTransmit_TXE)
    I2C_MasterTransmit_TXE                   0x08002b41   Thumb Code   264  stm32f1xx_hal_i2c.o(i.I2C_MasterTransmit_TXE)
    i.I2C_Master_ADDR                        0x08002c48   Section        0  stm32f1xx_hal_i2c.o(i.I2C_Master_ADDR)
    I2C_Master_ADDR                          0x08002c49   Thumb Code   282  stm32f1xx_hal_i2c.o(i.I2C_Master_ADDR)
    i.I2C_Master_SB                          0x08002d62   Section        0  stm32f1xx_hal_i2c.o(i.I2C_Master_SB)
    I2C_Master_SB                            0x08002d63   Thumb Code    90  stm32f1xx_hal_i2c.o(i.I2C_Master_SB)
    i.I2C_Slave_AF                           0x08002dbc   Section        0  stm32f1xx_hal_i2c.o(i.I2C_Slave_AF)
    I2C_Slave_AF                             0x08002dbd   Thumb Code   128  stm32f1xx_hal_i2c.o(i.I2C_Slave_AF)
    i.I2C_Slave_STOPF                        0x08002e40   Section        0  stm32f1xx_hal_i2c.o(i.I2C_Slave_STOPF)
    I2C_Slave_STOPF                          0x08002e41   Thumb Code   214  stm32f1xx_hal_i2c.o(i.I2C_Slave_STOPF)
    i.I2C_WaitOnBTFFlagUntilTimeout          0x08002f1c   Section        0  stm32f1xx_hal_i2c.o(i.I2C_WaitOnBTFFlagUntilTimeout)
    I2C_WaitOnBTFFlagUntilTimeout            0x08002f1d   Thumb Code    78  stm32f1xx_hal_i2c.o(i.I2C_WaitOnBTFFlagUntilTimeout)
    i.I2C_WaitOnFlagUntilTimeout             0x08002f6a   Section        0  stm32f1xx_hal_i2c.o(i.I2C_WaitOnFlagUntilTimeout)
    I2C_WaitOnFlagUntilTimeout               0x08002f6b   Thumb Code    96  stm32f1xx_hal_i2c.o(i.I2C_WaitOnFlagUntilTimeout)
    i.I2C_WaitOnMasterAddressFlagUntilTimeout 0x08002fcc   Section        0  stm32f1xx_hal_i2c.o(i.I2C_WaitOnMasterAddressFlagUntilTimeout)
    I2C_WaitOnMasterAddressFlagUntilTimeout  0x08002fcd   Thumb Code   136  stm32f1xx_hal_i2c.o(i.I2C_WaitOnMasterAddressFlagUntilTimeout)
    i.I2C_WaitOnRXNEFlagUntilTimeout         0x08003054   Section        0  stm32f1xx_hal_i2c.o(i.I2C_WaitOnRXNEFlagUntilTimeout)
    I2C_WaitOnRXNEFlagUntilTimeout           0x08003055   Thumb Code    98  stm32f1xx_hal_i2c.o(i.I2C_WaitOnRXNEFlagUntilTimeout)
    i.I2C_WaitOnTXEFlagUntilTimeout          0x080030b6   Section        0  stm32f1xx_hal_i2c.o(i.I2C_WaitOnTXEFlagUntilTimeout)
    I2C_WaitOnTXEFlagUntilTimeout            0x080030b7   Thumb Code    78  stm32f1xx_hal_i2c.o(i.I2C_WaitOnTXEFlagUntilTimeout)
    i.MX_GPIO_Init                           0x08003104   Section        0  main.o(i.MX_GPIO_Init)
    MX_GPIO_Init                             0x08003105   Thumb Code   156  main.o(i.MX_GPIO_Init)
    i.MX_TIM1_Init                           0x080031ac   Section        0  main.o(i.MX_TIM1_Init)
    MX_TIM1_Init                             0x080031ad   Thumb Code   162  main.o(i.MX_TIM1_Init)
    i.MX_TIM2_Init                           0x08003258   Section        0  main.o(i.MX_TIM2_Init)
    MX_TIM2_Init                             0x08003259   Thumb Code    86  main.o(i.MX_TIM2_Init)
    i.MX_TIM3_Init                           0x080032b4   Section        0  main.o(i.MX_TIM3_Init)
    MX_TIM3_Init                             0x080032b5   Thumb Code    84  main.o(i.MX_TIM3_Init)
    i.MX_TIM4_Init                           0x08003310   Section        0  main.o(i.MX_TIM4_Init)
    MX_TIM4_Init                             0x08003311   Thumb Code    74  main.o(i.MX_TIM4_Init)
    i.MemManage_Handler                      0x08003364   Section        0  stm32f1xx_it.o(i.MemManage_Handler)
    i.NMI_Handler                            0x08003366   Section        0  stm32f1xx_it.o(i.NMI_Handler)
    i.NVIC_SetPriority                       0x08003368   Section        0  stm32f1xx_hal_cortex.o(i.NVIC_SetPriority)
    NVIC_SetPriority                         0x08003369   Thumb Code    32  stm32f1xx_hal_cortex.o(i.NVIC_SetPriority)
    i.PID                                    0x08003388   Section        0  main.o(i.PID)
    i.PendSV_Handler                         0x08003534   Section        0  stm32f1xx_it.o(i.PendSV_Handler)
    i.SD_MPU6050_Init                        0x08003536   Section        0  sd_hal_mpu6050.o(i.SD_MPU6050_Init)
    i.SD_MPU6050_ReadAll                     0x080035d8   Section        0  sd_hal_mpu6050.o(i.SD_MPU6050_ReadAll)
    i.SD_MPU6050_SetAccelerometer            0x08003668   Section        0  sd_hal_mpu6050.o(i.SD_MPU6050_SetAccelerometer)
    i.SD_MPU6050_SetDataRate                 0x080036f4   Section        0  sd_hal_mpu6050.o(i.SD_MPU6050_SetDataRate)
    i.SD_MPU6050_SetGyroscope                0x0800371c   Section        0  sd_hal_mpu6050.o(i.SD_MPU6050_SetGyroscope)
    i.SVC_Handler                            0x080037b0   Section        0  stm32f1xx_it.o(i.SVC_Handler)
    i.SysTick_Handler                        0x080037b2   Section        0  stm32f1xx_it.o(i.SysTick_Handler)
    i.SystemClock_Config                     0x080037b6   Section        0  main.o(i.SystemClock_Config)
    i.SystemInit                             0x080037f8   Section        0  system_stm32f1xx.o(i.SystemInit)
    i.TIM2_IRQHandler                        0x08003840   Section        0  stm32f1xx_it.o(i.TIM2_IRQHandler)
    i.TIM3_IRQHandler                        0x0800384c   Section        0  stm32f1xx_it.o(i.TIM3_IRQHandler)
    i.TIM4_IRQHandler                        0x08003858   Section        0  stm32f1xx_it.o(i.TIM4_IRQHandler)
    i.TIM_Base_SetConfig                     0x08003864   Section        0  stm32f1xx_hal_tim.o(i.TIM_Base_SetConfig)
    i.TIM_CCxChannelCmd                      0x080038d0   Section        0  stm32f1xx_hal_tim.o(i.TIM_CCxChannelCmd)
    i.TIM_ETR_SetConfig                      0x080038e6   Section        0  stm32f1xx_hal_tim.o(i.TIM_ETR_SetConfig)
    TIM_ETR_SetConfig                        0x080038e7   Thumb Code    20  stm32f1xx_hal_tim.o(i.TIM_ETR_SetConfig)
    i.TIM_ITRx_SetConfig                     0x080038fa   Section        0  stm32f1xx_hal_tim.o(i.TIM_ITRx_SetConfig)
    TIM_ITRx_SetConfig                       0x080038fb   Thumb Code    16  stm32f1xx_hal_tim.o(i.TIM_ITRx_SetConfig)
    i.TIM_OC1_SetConfig                      0x0800390c   Section        0  stm32f1xx_hal_tim.o(i.TIM_OC1_SetConfig)
    TIM_OC1_SetConfig                        0x0800390d   Thumb Code    74  stm32f1xx_hal_tim.o(i.TIM_OC1_SetConfig)
    i.TIM_OC2_SetConfig                      0x0800395c   Section        0  stm32f1xx_hal_tim.o(i.TIM_OC2_SetConfig)
    i.TIM_OC3_SetConfig                      0x080039b4   Section        0  stm32f1xx_hal_tim.o(i.TIM_OC3_SetConfig)
    TIM_OC3_SetConfig                        0x080039b5   Thumb Code    82  stm32f1xx_hal_tim.o(i.TIM_OC3_SetConfig)
    i.TIM_OC4_SetConfig                      0x08003a0c   Section        0  stm32f1xx_hal_tim.o(i.TIM_OC4_SetConfig)
    TIM_OC4_SetConfig                        0x08003a0d   Thumb Code    64  stm32f1xx_hal_tim.o(i.TIM_OC4_SetConfig)
    i.TIM_TI1_ConfigInputStage               0x08003a50   Section        0  stm32f1xx_hal_tim.o(i.TIM_TI1_ConfigInputStage)
    TIM_TI1_ConfigInputStage                 0x08003a51   Thumb Code    34  stm32f1xx_hal_tim.o(i.TIM_TI1_ConfigInputStage)
    i.TIM_TI2_ConfigInputStage               0x08003a72   Section        0  stm32f1xx_hal_tim.o(i.TIM_TI2_ConfigInputStage)
    TIM_TI2_ConfigInputStage                 0x08003a73   Thumb Code    36  stm32f1xx_hal_tim.o(i.TIM_TI2_ConfigInputStage)
    i.UART_DMAAbortOnError                   0x08003a96   Section        0  stm32f1xx_hal_uart.o(i.UART_DMAAbortOnError)
    UART_DMAAbortOnError                     0x08003a97   Thumb Code    16  stm32f1xx_hal_uart.o(i.UART_DMAAbortOnError)
    i.UART_EndRxTransfer                     0x08003aa6   Section        0  stm32f1xx_hal_uart.o(i.UART_EndRxTransfer)
    UART_EndRxTransfer                       0x08003aa7   Thumb Code    28  stm32f1xx_hal_uart.o(i.UART_EndRxTransfer)
    i.UART_Receive_IT                        0x08003ac2   Section        0  stm32f1xx_hal_uart.o(i.UART_Receive_IT)
    UART_Receive_IT                          0x08003ac3   Thumb Code   150  stm32f1xx_hal_uart.o(i.UART_Receive_IT)
    i.UART_SetConfig                         0x08003b58   Section        0  stm32f1xx_hal_uart.o(i.UART_SetConfig)
    UART_SetConfig                           0x08003b59   Thumb Code   364  stm32f1xx_hal_uart.o(i.UART_SetConfig)
    i.UART_Transmit_IT                       0x08003cc8   Section        0  stm32f1xx_hal_uart.o(i.UART_Transmit_IT)
    UART_Transmit_IT                         0x08003cc9   Thumb Code    98  stm32f1xx_hal_uart.o(i.UART_Transmit_IT)
    i.USART3_IRQHandler                      0x08003d2c   Section        0  stm32f1xx_it.o(i.USART3_IRQHandler)
    i.UsageFault_Handler                     0x08003d38   Section        0  stm32f1xx_it.o(i.UsageFault_Handler)
    i.__ARM_fpclassify                       0x08003d3a   Section        0  fpclassify.o(i.__ARM_fpclassify)
    i.__kernel_poly                          0x08003d62   Section        0  poly.o(i.__kernel_poly)
    i.__mathlib_dbl_infnan                   0x08003e0c   Section        0  dunder.o(i.__mathlib_dbl_infnan)
    i.__mathlib_dbl_infnan2                  0x08003e12   Section        0  dunder.o(i.__mathlib_dbl_infnan2)
    i.__mathlib_dbl_underflow                0x08003e18   Section        0  dunder.o(i.__mathlib_dbl_underflow)
    i.__scatterload_copy                     0x08003e28   Section       14  handlers.o(i.__scatterload_copy)
    i.__scatterload_null                     0x08003e36   Section        2  handlers.o(i.__scatterload_null)
    i.__scatterload_zeroinit                 0x08003e38   Section       14  handlers.o(i.__scatterload_zeroinit)
    i.__set_errno                            0x08003e48   Section        0  errno.o(i.__set_errno)
    i.atan                                   0x08003e54   Section        0  atan.o(i.atan)
    i.atan2                                  0x08004074   Section        0  atan2.o(i.atan2)
    i.main                                   0x080041f4   Section        0  main.o(i.main)
    i.move                                   0x08004284   Section        0  main.o(i.move)
    i.sqrt                                   0x08004328   Section        0  sqrt.o(i.sqrt)
    .constdata                               0x08004374   Section       16  system_stm32f1xx.o(.constdata)
    .constdata                               0x08004384   Section        8  system_stm32f1xx.o(.constdata)
    .constdata                               0x08004390   Section      152  atan.o(.constdata)
    atanhi                                   0x08004390   Data          32  atan.o(.constdata)
    atanlo                                   0x080043b0   Data          32  atan.o(.constdata)
    aTodd                                    0x080043d0   Data          40  atan.o(.constdata)
    aTeven                                   0x080043f8   Data          48  atan.o(.constdata)
    .constdata                               0x08004428   Section        8  qnan.o(.constdata)
    .data                                    0x20000000   Section      136  main.o(.data)
    .data                                    0x20000088   Section       12  stm32f1xx_hal.o(.data)
    .data                                    0x20000094   Section        4  system_stm32f1xx.o(.data)
    .data                                    0x20000098   Section        4  errno.o(.data)
    _errno                                   0x20000098   Data           4  errno.o(.data)
    .bss                                     0x2000009c   Section      432  main.o(.bss)
    STACK                                    0x20000250   Section     1024  startup_stm32f103xb.o(STACK)

    Global Symbols

    Symbol Name                              Value     Ov Type        Size  Object(Section)

    BuildAttributes$$THM_ISAv4$P$D$K$B$S$PE$A:L22UL41UL21$X:L11$S22US41US21$IEEE1$IW$USESV6$~STKCKD$USESV7$~SHL$OTIME$ROPI$IEEEX$EBA8$MICROLIB$REQ8$PRES8$EABIv2 0x00000000   Number         0  anon$$obj.o ABSOLUTE
    __ARM_use_no_argv                        0x00000000   Number         0  main.o ABSOLUTE
    __cpp_initialize__aeabi_                  - Undefined Weak Reference
    __cxa_finalize                            - Undefined Weak Reference
    __decompress                              - Undefined Weak Reference
    _clock_init                               - Undefined Weak Reference
    _microlib_exit                            - Undefined Weak Reference
    __Vectors_Size                           0x000000ec   Number         0  startup_stm32f103xb.o ABSOLUTE
    __Vectors                                0x08000000   Data           4  startup_stm32f103xb.o(RESET)
    __Vectors_End                            0x080000ec   Data           0  startup_stm32f103xb.o(RESET)
    __main                                   0x080000ed   Thumb Code     0  entry.o(.ARM.Collect$$$$00000000)
    _main_stk                                0x080000ed   Thumb Code     0  entry2.o(.ARM.Collect$$$$00000001)
    _main_scatterload                        0x080000f1   Thumb Code     0  entry5.o(.ARM.Collect$$$$00000004)
    __main_after_scatterload                 0x080000f5   Thumb Code     0  entry5.o(.ARM.Collect$$$$00000004)
    _main_clock                              0x080000f5   Thumb Code     0  entry7b.o(.ARM.Collect$$$$00000008)
    _main_cpp_init                           0x080000f5   Thumb Code     0  entry8b.o(.ARM.Collect$$$$0000000A)
    _main_init                               0x080000f5   Thumb Code     0  entry9a.o(.ARM.Collect$$$$0000000B)
    __rt_final_cpp                           0x080000fd   Thumb Code     0  entry10a.o(.ARM.Collect$$$$0000000D)
    __rt_final_exit                          0x080000fd   Thumb Code     0  entry11a.o(.ARM.Collect$$$$0000000F)
    Reset_Handler                            0x08000101   Thumb Code     8  startup_stm32f103xb.o(.text)
    ADC1_2_IRQHandler                        0x0800011b   Thumb Code     0  startup_stm32f103xb.o(.text)
    CAN1_RX1_IRQHandler                      0x0800011b   Thumb Code     0  startup_stm32f103xb.o(.text)
    CAN1_SCE_IRQHandler                      0x0800011b   Thumb Code     0  startup_stm32f103xb.o(.text)
    DMA1_Channel1_IRQHandler                 0x0800011b   Thumb Code     0  startup_stm32f103xb.o(.text)
    DMA1_Channel2_IRQHandler                 0x0800011b   Thumb Code     0  startup_stm32f103xb.o(.text)
    DMA1_Channel3_IRQHandler                 0x0800011b   Thumb Code     0  startup_stm32f103xb.o(.text)
    DMA1_Channel4_IRQHandler                 0x0800011b   Thumb Code     0  startup_stm32f103xb.o(.text)
    DMA1_Channel5_IRQHandler                 0x0800011b   Thumb Code     0  startup_stm32f103xb.o(.text)
    DMA1_Channel6_IRQHandler                 0x0800011b   Thumb Code     0  startup_stm32f103xb.o(.text)
    DMA1_Channel7_IRQHandler                 0x0800011b   Thumb Code     0  startup_stm32f103xb.o(.text)
    EXTI0_IRQHandler                         0x0800011b   Thumb Code     0  startup_stm32f103xb.o(.text)
    EXTI15_10_IRQHandler                     0x0800011b   Thumb Code     0  startup_stm32f103xb.o(.text)
    EXTI1_IRQHandler                         0x0800011b   Thumb Code     0  startup_stm32f103xb.o(.text)
    EXTI2_IRQHandler                         0x0800011b   Thumb Code     0  startup_stm32f103xb.o(.text)
    EXTI3_IRQHandler                         0x0800011b   Thumb Code     0  startup_stm32f103xb.o(.text)
    EXTI4_IRQHandler                         0x0800011b   Thumb Code     0  startup_stm32f103xb.o(.text)
    EXTI9_5_IRQHandler                       0x0800011b   Thumb Code     0  startup_stm32f103xb.o(.text)
    FLASH_IRQHandler                         0x0800011b   Thumb Code     0  startup_stm32f103xb.o(.text)
    I2C2_ER_IRQHandler                       0x0800011b   Thumb Code     0  startup_stm32f103xb.o(.text)
    I2C2_EV_IRQHandler                       0x0800011b   Thumb Code     0  startup_stm32f103xb.o(.text)
    PVD_IRQHandler                           0x0800011b   Thumb Code     0  startup_stm32f103xb.o(.text)
    RCC_IRQHandler                           0x0800011b   Thumb Code     0  startup_stm32f103xb.o(.text)
    RTC_Alarm_IRQHandler                     0x0800011b   Thumb Code     0  startup_stm32f103xb.o(.text)
    RTC_IRQHandler                           0x0800011b   Thumb Code     0  startup_stm32f103xb.o(.text)
    SPI1_IRQHandler                          0x0800011b   Thumb Code     0  startup_stm32f103xb.o(.text)
    SPI2_IRQHandler                          0x0800011b   Thumb Code     0  startup_stm32f103xb.o(.text)
    TAMPER_IRQHandler                        0x0800011b   Thumb Code     0  startup_stm32f103xb.o(.text)
    TIM1_BRK_IRQHandler                      0x0800011b   Thumb Code     0  startup_stm32f103xb.o(.text)
    TIM1_CC_IRQHandler                       0x0800011b   Thumb Code     0  startup_stm32f103xb.o(.text)
    TIM1_TRG_COM_IRQHandler                  0x0800011b   Thumb Code     0  startup_stm32f103xb.o(.text)
    TIM1_UP_IRQHandler                       0x0800011b   Thumb Code     0  startup_stm32f103xb.o(.text)
    USART1_IRQHandler                        0x0800011b   Thumb Code     0  startup_stm32f103xb.o(.text)
    USART2_IRQHandler                        0x0800011b   Thumb Code     0  startup_stm32f103xb.o(.text)
    USBWakeUp_IRQHandler                     0x0800011b   Thumb Code     0  startup_stm32f103xb.o(.text)
    USB_HP_CAN1_TX_IRQHandler                0x0800011b   Thumb Code     0  startup_stm32f103xb.o(.text)
    USB_LP_CAN1_RX0_IRQHandler               0x0800011b   Thumb Code     0  startup_stm32f103xb.o(.text)
    WWDG_IRQHandler                          0x0800011b   Thumb Code     0  startup_stm32f103xb.o(.text)
    __aeabi_llsr                             0x08000125   Thumb Code    32  llushr.o(.text)
    _ll_ushift_r                             0x08000125   Thumb Code     0  llushr.o(.text)
    __aeabi_memset                           0x08000145   Thumb Code    14  memseta.o(.text)
    __aeabi_memset4                          0x08000145   Thumb Code     0  memseta.o(.text)
    __aeabi_memset8                          0x08000145   Thumb Code     0  memseta.o(.text)
    __aeabi_memclr                           0x08000153   Thumb Code     4  memseta.o(.text)
    __aeabi_memclr4                          0x08000153   Thumb Code     0  memseta.o(.text)
    __aeabi_memclr8                          0x08000153   Thumb Code     0  memseta.o(.text)
    _memset$wrapper                          0x08000157   Thumb Code    18  memseta.o(.text)
    __aeabi_fadd                             0x08000169   Thumb Code   164  fadd.o(.text)
    __aeabi_fsub                             0x0800020d   Thumb Code     6  fadd.o(.text)
    __aeabi_frsub                            0x08000213   Thumb Code     6  fadd.o(.text)
    __aeabi_fmul                             0x08000219   Thumb Code   100  fmul.o(.text)
    __aeabi_fdiv                             0x0800027d   Thumb Code   124  fdiv.o(.text)
    __ARM_scalbnf                            0x080002f9   Thumb Code    24  fscalb.o(.text)
    scalbnf                                  0x080002f9   Thumb Code     0  fscalb.o(.text)
    __aeabi_dadd                             0x08000311   Thumb Code   322  dadd.o(.text)
    __aeabi_dsub                             0x08000453   Thumb Code     6  dadd.o(.text)
    __aeabi_drsub                            0x08000459   Thumb Code     6  dadd.o(.text)
    __aeabi_dmul                             0x0800045f   Thumb Code   228  dmul.o(.text)
    __aeabi_ddiv                             0x08000543   Thumb Code   222  ddiv.o(.text)
    __ARM_scalbn                             0x08000621   Thumb Code    46  dscalb.o(.text)
    scalbn                                   0x08000621   Thumb Code     0  dscalb.o(.text)
    __aeabi_i2f                              0x0800064f   Thumb Code    18  fflti.o(.text)
    __aeabi_f2uiz                            0x08000661   Thumb Code    40  ffixui.o(.text)
    __aeabi_f2d                              0x08000689   Thumb Code    38  f2d.o(.text)
    __aeabi_d2f                              0x080006af   Thumb Code    56  d2f.o(.text)
    __aeabi_cfrcmple                         0x080006e9   Thumb Code    20  cfrcmple.o(.text)
    __aeabi_llsl                             0x080006fd   Thumb Code    30  llshl.o(.text)
    _ll_shift_l                              0x080006fd   Thumb Code     0  llshl.o(.text)
    __aeabi_lasr                             0x0800071b   Thumb Code    36  llsshr.o(.text)
    _ll_sshift_r                             0x0800071b   Thumb Code     0  llsshr.o(.text)
    __I$use$fp                               0x0800073f   Thumb Code     0  iusefp.o(.text)
    _float_round                             0x0800073f   Thumb Code    18  fepilogue.o(.text)
    _float_epilogue                          0x08000751   Thumb Code    92  fepilogue.o(.text)
    _double_round                            0x080007ad   Thumb Code    30  depilogue.o(.text)
    _double_epilogue                         0x080007cb   Thumb Code   156  depilogue.o(.text)
    _dsqrt                                   0x08000867   Thumb Code   162  dsqrt.o(.text)
    __scatterload                            0x08000909   Thumb Code    28  init.o(.text)
    __scatterload_rt2                        0x08000909   Thumb Code     0  init.o(.text)
    BusFault_Handler                         0x0800092d   Thumb Code     2  stm32f1xx_it.o(i.BusFault_Handler)
    DebugMon_Handler                         0x0800092f   Thumb Code     2  stm32f1xx_it.o(i.DebugMon_Handler)
    HAL_DMA_Abort_IT                         0x08000931   Thumb Code   148  stm32f1xx_hal_dma.o(i.HAL_DMA_Abort_IT)
    HAL_GPIO_Init                            0x080009c9   Thumb Code   408  stm32f1xx_hal_gpio.o(i.HAL_GPIO_Init)
    HAL_GPIO_WritePin                        0x08000b85   Thumb Code    10  stm32f1xx_hal_gpio.o(i.HAL_GPIO_WritePin)
    HAL_GetTick                              0x08000b91   Thumb Code     6  stm32f1xx_hal.o(i.HAL_GetTick)
    HAL_I2C_AbortCpltCallback                0x08000b9d   Thumb Code     2  stm32f1xx_hal_i2c.o(i.HAL_I2C_AbortCpltCallback)
    HAL_I2C_AddrCallback                     0x08000b9f   Thumb Code     2  stm32f1xx_hal_i2c.o(i.HAL_I2C_AddrCallback)
    HAL_I2C_ER_IRQHandler                    0x08000ba1   Thumb Code   202  stm32f1xx_hal_i2c.o(i.HAL_I2C_ER_IRQHandler)
    HAL_I2C_EV_IRQHandler                    0x08000c71   Thumb Code   486  stm32f1xx_hal_i2c.o(i.HAL_I2C_EV_IRQHandler)
    HAL_I2C_ErrorCallback                    0x08000e61   Thumb Code     2  stm32f1xx_hal_i2c.o(i.HAL_I2C_ErrorCallback)
    HAL_I2C_Init                             0x08000e65   Thumb Code   302  stm32f1xx_hal_i2c.o(i.HAL_I2C_Init)
    HAL_I2C_IsDeviceReady                    0x08000fa5   Thumb Code   344  stm32f1xx_hal_i2c.o(i.HAL_I2C_IsDeviceReady)
    HAL_I2C_ListenCpltCallback               0x08001105   Thumb Code     2  stm32f1xx_hal_i2c.o(i.HAL_I2C_ListenCpltCallback)
    HAL_I2C_MasterRxCpltCallback             0x08001107   Thumb Code     2  stm32f1xx_hal_i2c.o(i.HAL_I2C_MasterRxCpltCallback)
    HAL_I2C_MasterTxCpltCallback             0x08001109   Thumb Code     2  stm32f1xx_hal_i2c.o(i.HAL_I2C_MasterTxCpltCallback)
    HAL_I2C_Master_Receive                   0x0800110d   Thumb Code   516  stm32f1xx_hal_i2c.o(i.HAL_I2C_Master_Receive)
    HAL_I2C_Master_Transmit                  0x0800131d   Thumb Code   304  stm32f1xx_hal_i2c.o(i.HAL_I2C_Master_Transmit)
    HAL_I2C_MemRxCpltCallback                0x08001455   Thumb Code     2  stm32f1xx_hal_i2c.o(i.HAL_I2C_MemRxCpltCallback)
    HAL_I2C_MemTxCpltCallback                0x08001457   Thumb Code     2  stm32f1xx_hal_i2c.o(i.HAL_I2C_MemTxCpltCallback)
    HAL_I2C_MspInit                          0x08001459   Thumb Code   128  stm32f1xx_hal_msp.o(i.HAL_I2C_MspInit)
    HAL_I2C_SlaveRxCpltCallback              0x080014e9   Thumb Code     2  stm32f1xx_hal_i2c.o(i.HAL_I2C_SlaveRxCpltCallback)
    HAL_I2C_SlaveTxCpltCallback              0x080014eb   Thumb Code     2  stm32f1xx_hal_i2c.o(i.HAL_I2C_SlaveTxCpltCallback)
    HAL_IncTick                              0x080014ed   Thumb Code    12  stm32f1xx_hal.o(i.HAL_IncTick)
    HAL_Init                                 0x080014fd   Thumb Code    32  stm32f1xx_hal.o(i.HAL_Init)
    HAL_InitTick                             0x08001521   Thumb Code    54  stm32f1xx_hal.o(i.HAL_InitTick)
    HAL_MspInit                              0x08001561   Thumb Code    52  stm32f1xx_hal_msp.o(i.HAL_MspInit)
    HAL_NVIC_EnableIRQ                       0x0800159d   Thumb Code    22  stm32f1xx_hal_cortex.o(i.HAL_NVIC_EnableIRQ)
    HAL_NVIC_SetPriority                     0x080015b5   Thumb Code    60  stm32f1xx_hal_cortex.o(i.HAL_NVIC_SetPriority)
    HAL_NVIC_SetPriorityGrouping             0x080015f5   Thumb Code    26  stm32f1xx_hal_cortex.o(i.HAL_NVIC_SetPriorityGrouping)
    HAL_RCC_ClockConfig                      0x08001619   Thumb Code   346  stm32f1xx_hal_rcc.o(i.HAL_RCC_ClockConfig)
    HAL_RCC_GetPCLK1Freq                     0x08001785   Thumb Code    20  stm32f1xx_hal_rcc.o(i.HAL_RCC_GetPCLK1Freq)
    HAL_RCC_GetPCLK2Freq                     0x080017a5   Thumb Code    20  stm32f1xx_hal_rcc.o(i.HAL_RCC_GetPCLK2Freq)
    HAL_RCC_GetSysClockFreq                  0x080017c5   Thumb Code    74  stm32f1xx_hal_rcc.o(i.HAL_RCC_GetSysClockFreq)
    HAL_RCC_OscConfig                        0x08001831   Thumb Code   750  stm32f1xx_hal_rcc.o(i.HAL_RCC_OscConfig)
    HAL_SYSTICK_Config                       0x08001b35   Thumb Code    40  stm32f1xx_hal_cortex.o(i.HAL_SYSTICK_Config)
    HAL_TIMEx_BreakCallback                  0x08001b5d   Thumb Code     2  stm32f1xx_hal_tim_ex.o(i.HAL_TIMEx_BreakCallback)
    HAL_TIMEx_CommutationCallback            0x08001b5f   Thumb Code     2  stm32f1xx_hal_tim_ex.o(i.HAL_TIMEx_CommutationCallback)
    HAL_TIMEx_ConfigBreakDeadTime            0x08001b61   Thumb Code    90  stm32f1xx_hal_tim_ex.o(i.HAL_TIMEx_ConfigBreakDeadTime)
    HAL_TIMEx_MasterConfigSynchronization    0x08001bbb   Thumb Code    80  stm32f1xx_hal_tim_ex.o(i.HAL_TIMEx_MasterConfigSynchronization)
    HAL_TIM_Base_Init                        0x08001c0b   Thumb Code    54  stm32f1xx_hal_tim.o(i.HAL_TIM_Base_Init)
    HAL_TIM_Base_MspInit                     0x08001c41   Thumb Code    72  stm32f1xx_hal_msp.o(i.HAL_TIM_Base_MspInit)
    HAL_TIM_Base_Start_IT                    0x08001c95   Thumb Code    24  stm32f1xx_hal_tim.o(i.HAL_TIM_Base_Start_IT)
    HAL_TIM_ConfigClockSource                0x08001cad   Thumb Code   242  stm32f1xx_hal_tim.o(i.HAL_TIM_ConfigClockSource)
    HAL_TIM_Encoder_Init                     0x08001d9f   Thumb Code   150  stm32f1xx_hal_tim.o(i.HAL_TIM_Encoder_Init)
    HAL_TIM_Encoder_MspInit                  0x08001e35   Thumb Code   210  stm32f1xx_hal_msp.o(i.HAL_TIM_Encoder_MspInit)
    HAL_TIM_IC_CaptureCallback               0x08001f1d   Thumb Code     2  stm32f1xx_hal_tim.o(i.HAL_TIM_IC_CaptureCallback)
    HAL_TIM_IRQHandler                       0x08001f1f   Thumb Code   358  stm32f1xx_hal_tim.o(i.HAL_TIM_IRQHandler)
    HAL_TIM_MspPostInit                      0x08002085   Thumb Code    64  stm32f1xx_hal_msp.o(i.HAL_TIM_MspPostInit)
    HAL_TIM_OC_DelayElapsedCallback          0x080020d1   Thumb Code     2  stm32f1xx_hal_tim.o(i.HAL_TIM_OC_DelayElapsedCallback)
    HAL_TIM_PWM_ConfigChannel                0x080020d3   Thumb Code   208  stm32f1xx_hal_tim.o(i.HAL_TIM_PWM_ConfigChannel)
    HAL_TIM_PWM_Init                         0x080021a3   Thumb Code    54  stm32f1xx_hal_tim.o(i.HAL_TIM_PWM_Init)
    HAL_TIM_PWM_MspInit                      0x080021d9   Thumb Code     2  stm32f1xx_hal_tim.o(i.HAL_TIM_PWM_MspInit)
    HAL_TIM_PWM_PulseFinishedCallback        0x080021db   Thumb Code     2  stm32f1xx_hal_tim.o(i.HAL_TIM_PWM_PulseFinishedCallback)
    HAL_TIM_PWM_Start                        0x080021dd   Thumb Code    42  stm32f1xx_hal_tim.o(i.HAL_TIM_PWM_Start)
    HAL_TIM_PeriodElapsedCallback            0x0800220d   Thumb Code   484  main.o(i.HAL_TIM_PeriodElapsedCallback)
    HAL_TIM_TriggerCallback                  0x08002425   Thumb Code     2  stm32f1xx_hal_tim.o(i.HAL_TIM_TriggerCallback)
    HAL_UART_ErrorCallback                   0x08002427   Thumb Code     2  stm32f1xx_hal_uart.o(i.HAL_UART_ErrorCallback)
    HAL_UART_IRQHandler                      0x08002429   Thumb Code   266  stm32f1xx_hal_uart.o(i.HAL_UART_IRQHandler)
    HAL_UART_Init                            0x08002539   Thumb Code    98  stm32f1xx_hal_uart.o(i.HAL_UART_Init)
    HAL_UART_MspInit                         0x0800259d   Thumb Code   116  stm32f1xx_hal_msp.o(i.HAL_UART_MspInit)
    HAL_UART_RxCpltCallback                  0x0800261d   Thumb Code     2  stm32f1xx_hal_uart.o(i.HAL_UART_RxCpltCallback)
    HAL_UART_TxCpltCallback                  0x0800261f   Thumb Code     2  stm32f1xx_hal_uart.o(i.HAL_UART_TxCpltCallback)
    HardFault_Handler                        0x08002621   Thumb Code     2  stm32f1xx_it.o(i.HardFault_Handler)
    I2C1_ER_IRQHandler                       0x08002625   Thumb Code     6  stm32f1xx_it.o(i.I2C1_ER_IRQHandler)
    I2C1_EV_IRQHandler                       0x08002631   Thumb Code     6  stm32f1xx_it.o(i.I2C1_EV_IRQHandler)
    MemManage_Handler                        0x08003365   Thumb Code     2  stm32f1xx_it.o(i.MemManage_Handler)
    NMI_Handler                              0x08003367   Thumb Code     2  stm32f1xx_it.o(i.NMI_Handler)
    PID                                      0x08003389   Thumb Code   384  main.o(i.PID)
    PendSV_Handler                           0x08003535   Thumb Code     2  stm32f1xx_it.o(i.PendSV_Handler)
    SD_MPU6050_Init                          0x08003537   Thumb Code   160  sd_hal_mpu6050.o(i.SD_MPU6050_Init)
    SD_MPU6050_ReadAll                       0x080035d9   Thumb Code   136  sd_hal_mpu6050.o(i.SD_MPU6050_ReadAll)
    SD_MPU6050_SetAccelerometer              0x08003669   Thumb Code   140  sd_hal_mpu6050.o(i.SD_MPU6050_SetAccelerometer)
    SD_MPU6050_SetDataRate                   0x080036f5   Thumb Code    40  sd_hal_mpu6050.o(i.SD_MPU6050_SetDataRate)
    SD_MPU6050_SetGyroscope                  0x0800371d   Thumb Code   132  sd_hal_mpu6050.o(i.SD_MPU6050_SetGyroscope)
    SVC_Handler                              0x080037b1   Thumb Code     2  stm32f1xx_it.o(i.SVC_Handler)
    SysTick_Handler                          0x080037b3   Thumb Code     4  stm32f1xx_it.o(i.SysTick_Handler)
    SystemClock_Config                       0x080037b7   Thumb Code    64  main.o(i.SystemClock_Config)
    SystemInit                               0x080037f9   Thumb Code    56  system_stm32f1xx.o(i.SystemInit)
    TIM2_IRQHandler                          0x08003841   Thumb Code     6  stm32f1xx_it.o(i.TIM2_IRQHandler)
    TIM3_IRQHandler                          0x0800384d   Thumb Code     6  stm32f1xx_it.o(i.TIM3_IRQHandler)
    TIM4_IRQHandler                          0x08003859   Thumb Code     6  stm32f1xx_it.o(i.TIM4_IRQHandler)
    TIM_Base_SetConfig                       0x08003865   Thumb Code    94  stm32f1xx_hal_tim.o(i.TIM_Base_SetConfig)
    TIM_CCxChannelCmd                        0x080038d1   Thumb Code    22  stm32f1xx_hal_tim.o(i.TIM_CCxChannelCmd)
    TIM_OC2_SetConfig                        0x0800395d   Thumb Code    84  stm32f1xx_hal_tim.o(i.TIM_OC2_SetConfig)
    USART3_IRQHandler                        0x08003d2d   Thumb Code     6  stm32f1xx_it.o(i.USART3_IRQHandler)
    UsageFault_Handler                       0x08003d39   Thumb Code     2  stm32f1xx_it.o(i.UsageFault_Handler)
    __ARM_fpclassify                         0x08003d3b   Thumb Code    40  fpclassify.o(i.__ARM_fpclassify)
    __kernel_poly                            0x08003d63   Thumb Code   170  poly.o(i.__kernel_poly)
    __mathlib_dbl_infnan                     0x08003e0d   Thumb Code     6  dunder.o(i.__mathlib_dbl_infnan)
    __mathlib_dbl_infnan2                    0x08003e13   Thumb Code     4  dunder.o(i.__mathlib_dbl_infnan2)
    __mathlib_dbl_underflow                  0x08003e19   Thumb Code    10  dunder.o(i.__mathlib_dbl_underflow)
    __scatterload_copy                       0x08003e29   Thumb Code    14  handlers.o(i.__scatterload_copy)
    __scatterload_null                       0x08003e37   Thumb Code     2  handlers.o(i.__scatterload_null)
    __scatterload_zeroinit                   0x08003e39   Thumb Code    14  handlers.o(i.__scatterload_zeroinit)
    __set_errno                              0x08003e49   Thumb Code     6  errno.o(i.__set_errno)
    atan                                     0x08003e55   Thumb Code   474  atan.o(i.atan)
    atan2                                    0x08004075   Thumb Code   346  atan2.o(i.atan2)
    main                                     0x080041f5   Thumb Code   122  main.o(i.main)
    move                                     0x08004285   Thumb Code   156  main.o(i.move)
    sqrt                                     0x08004329   Thumb Code    76  sqrt.o(i.sqrt)
    AHBPrescTable                            0x08004374   Data          16  system_stm32f1xx.o(.constdata)
    APBPrescTable                            0x08004384   Data           8  system_stm32f1xx.o(.constdata)
    __mathlib_zero                           0x08004428   Data           8  qnan.o(.constdata)
    Region$$Table$$Base                      0x08004430   Number         0  anon$$obj.o(Region$$Table)
    Region$$Table$$Limit                     0x08004450   Number         0  anon$$obj.o(Region$$Table)
    gForcex                                  0x20000000   Data           4  main.o(.data)
    gForcey                                  0x20000004   Data           4  main.o(.data)
    gForcez                                  0x20000008   Data           4  main.o(.data)
    ax_off                                   0x2000000c   Data           4  main.o(.data)
    ay_off                                   0x20000010   Data           4  main.o(.data)
    az_off                                   0x20000014   Data           4  main.o(.data)
    gx_off                                   0x20000018   Data           4  main.o(.data)
    gy_off                                   0x2000001c   Data           4  main.o(.data)
    gz_off                                   0x20000020   Data           4  main.o(.data)
    rotx                                     0x20000024   Data           4  main.o(.data)
    roty                                     0x20000028   Data           4  main.o(.data)
    rotz                                     0x2000002c   Data           4  main.o(.data)
    angle_roll                               0x20000030   Data           4  main.o(.data)
    angle_pitch                              0x20000034   Data           4  main.o(.data)
    Kp1                                      0x20000038   Data           4  main.o(.data)
    Ki1                                      0x2000003c   Data           4  main.o(.data)
    Kd1                                      0x20000040   Data           4  main.o(.data)
    maxPID                                   0x20000044   Data           4  main.o(.data)
    setpoint                                 0x20000048   Data           4  main.o(.data)
    P_part1                                  0x2000004c   Data           4  main.o(.data)
    I_part1                                  0x20000050   Data           4  main.o(.data)
    D_part1                                  0x20000054   Data           4  main.o(.data)
    Error                                    0x20000058   Data           4  main.o(.data)
    pre_Error                                0x2000005c   Data           4  main.o(.data)
    pre_pre_Error                            0x20000060   Data           4  main.o(.data)
    Out1                                     0x20000064   Data           4  main.o(.data)
    pre_Out1                                 0x20000068   Data           4  main.o(.data)
    Out2                                     0x2000006c   Data           4  main.o(.data)
    pre_Out2                                 0x20000070   Data           4  main.o(.data)
    vel                                      0x20000074   Data           4  main.o(.data)
    pitch                                    0x20000078   Data           4  main.o(.data)
    roll                                     0x2000007c   Data           4  main.o(.data)
    vel_left                                 0x20000080   Data           4  main.o(.data)
    vel_right                                0x20000084   Data           4  main.o(.data)
    uwTickFreq                               0x20000088   Data           1  stm32f1xx_hal.o(.data)
    uwTickPrio                               0x2000008c   Data           4  stm32f1xx_hal.o(.data)
    uwTick                                   0x20000090   Data           4  stm32f1xx_hal.o(.data)
    SystemCoreClock                          0x20000094   Data           4  system_stm32f1xx.o(.data)
    hi2c1                                    0x2000009c   Data          84  main.o(.bss)
    htim1                                    0x200000f0   Data          64  main.o(.bss)
    htim2                                    0x20000130   Data          64  main.o(.bss)
    htim3                                    0x20000170   Data          64  main.o(.bss)
    htim4                                    0x200001b0   Data          64  main.o(.bss)
    huart3                                   0x200001f0   Data          64  main.o(.bss)
    mpu1                                     0x20000230   Data          28  main.o(.bss)
    __initial_sp                             0x20000650   Data           0  startup_stm32f103xb.o(STACK)



==============================================================================

Memory Map of the image

  Image Entry point : 0x080000ed

  Load Region LR_IROM1 (Base: 0x08000000, Size: 0x000044ec, Max: 0x00010000, ABSOLUTE)

    Execution Region ER_IROM1 (Exec base: 0x08000000, Load base: 0x08000000, Size: 0x00004450, Max: 0x00010000, ABSOLUTE)

    Exec Addr    Load Addr    Size         Type   Attr      Idx    E Section Name        Object

    0x08000000   0x08000000   0x000000ec   Data   RO            3    RESET               startup_stm32f103xb.o
    0x080000ec   0x080000ec   0x00000000   Code   RO         3060  * .ARM.Collect$$$$00000000  mc_w.l(entry.o)
    0x080000ec   0x080000ec   0x00000004   Code   RO         3118    .ARM.Collect$$$$00000001  mc_w.l(entry2.o)
    0x080000f0   0x080000f0   0x00000004   Code   RO         3121    .ARM.Collect$$$$00000004  mc_w.l(entry5.o)
    0x080000f4   0x080000f4   0x00000000   Code   RO         3123    .ARM.Collect$$$$00000008  mc_w.l(entry7b.o)
    0x080000f4   0x080000f4   0x00000000   Code   RO         3125    .ARM.Collect$$$$0000000A  mc_w.l(entry8b.o)
    0x080000f4   0x080000f4   0x00000008   Code   RO         3126    .ARM.Collect$$$$0000000B  mc_w.l(entry9a.o)
    0x080000fc   0x080000fc   0x00000000   Code   RO         3128    .ARM.Collect$$$$0000000D  mc_w.l(entry10a.o)
    0x080000fc   0x080000fc   0x00000000   Code   RO         3130    .ARM.Collect$$$$0000000F  mc_w.l(entry11a.o)
    0x080000fc   0x080000fc   0x00000004   Code   RO         3119    .ARM.Collect$$$$00002712  mc_w.l(entry2.o)
    0x08000100   0x08000100   0x00000024   Code   RO            4    .text               startup_stm32f103xb.o
    0x08000124   0x08000124   0x00000020   Code   RO         3063    .text               mc_w.l(llushr.o)
    0x08000144   0x08000144   0x00000024   Code   RO         3065    .text               mc_w.l(memseta.o)
    0x08000168   0x08000168   0x000000b0   Code   RO         3067    .text               mf_w.l(fadd.o)
    0x08000218   0x08000218   0x00000064   Code   RO         3069    .text               mf_w.l(fmul.o)
    0x0800027c   0x0800027c   0x0000007c   Code   RO         3071    .text               mf_w.l(fdiv.o)
    0x080002f8   0x080002f8   0x00000018   Code   RO         3073    .text               mf_w.l(fscalb.o)
    0x08000310   0x08000310   0x0000014e   Code   RO         3075    .text               mf_w.l(dadd.o)
    0x0800045e   0x0800045e   0x000000e4   Code   RO         3077    .text               mf_w.l(dmul.o)
    0x08000542   0x08000542   0x000000de   Code   RO         3079    .text               mf_w.l(ddiv.o)
    0x08000620   0x08000620   0x0000002e   Code   RO         3081    .text               mf_w.l(dscalb.o)
    0x0800064e   0x0800064e   0x00000012   Code   RO         3083    .text               mf_w.l(fflti.o)
    0x08000660   0x08000660   0x00000028   Code   RO         3085    .text               mf_w.l(ffixui.o)
    0x08000688   0x08000688   0x00000026   Code   RO         3087    .text               mf_w.l(f2d.o)
    0x080006ae   0x080006ae   0x00000038   Code   RO         3089    .text               mf_w.l(d2f.o)
    0x080006e6   0x080006e6   0x00000002   PAD
    0x080006e8   0x080006e8   0x00000014   Code   RO         3091    .text               mf_w.l(cfrcmple.o)
    0x080006fc   0x080006fc   0x0000001e   Code   RO         3132    .text               mc_w.l(llshl.o)
    0x0800071a   0x0800071a   0x00000024   Code   RO         3134    .text               mc_w.l(llsshr.o)
    0x0800073e   0x0800073e   0x00000000   Code   RO         3143    .text               mc_w.l(iusefp.o)
    0x0800073e   0x0800073e   0x0000006e   Code   RO         3144    .text               mf_w.l(fepilogue.o)
    0x080007ac   0x080007ac   0x000000ba   Code   RO         3146    .text               mf_w.l(depilogue.o)
    0x08000866   0x08000866   0x000000a2   Code   RO         3148    .text               mf_w.l(dsqrt.o)
    0x08000908   0x08000908   0x00000024   Code   RO         3156    .text               mc_w.l(init.o)
    0x0800092c   0x0800092c   0x00000002   Code   RO          304    i.BusFault_Handler  stm32f1xx_it.o
    0x0800092e   0x0800092e   0x00000002   Code   RO          305    i.DebugMon_Handler  stm32f1xx_it.o
    0x08000930   0x08000930   0x00000098   Code   RO         2486    i.HAL_DMA_Abort_IT  stm32f1xx_hal_dma.o
    0x080009c8   0x080009c8   0x000001bc   Code   RO         2421    i.HAL_GPIO_Init     stm32f1xx_hal_gpio.o
    0x08000b84   0x08000b84   0x0000000a   Code   RO         2425    i.HAL_GPIO_WritePin  stm32f1xx_hal_gpio.o
    0x08000b8e   0x08000b8e   0x00000002   PAD
    0x08000b90   0x08000b90   0x0000000c   Code   RO         2129    i.HAL_GetTick       stm32f1xx_hal.o
    0x08000b9c   0x08000b9c   0x00000002   Code   RO          530    i.HAL_I2C_AbortCpltCallback  stm32f1xx_hal_i2c.o
    0x08000b9e   0x08000b9e   0x00000002   Code   RO          531    i.HAL_I2C_AddrCallback  stm32f1xx_hal_i2c.o
    0x08000ba0   0x08000ba0   0x000000d0   Code   RO          534    i.HAL_I2C_ER_IRQHandler  stm32f1xx_hal_i2c.o
    0x08000c70   0x08000c70   0x000001f0   Code   RO          535    i.HAL_I2C_EV_IRQHandler  stm32f1xx_hal_i2c.o
    0x08000e60   0x08000e60   0x00000002   Code   RO          537    i.HAL_I2C_ErrorCallback  stm32f1xx_hal_i2c.o
    0x08000e62   0x08000e62   0x00000002   PAD
    0x08000e64   0x08000e64   0x00000140   Code   RO          541    i.HAL_I2C_Init      stm32f1xx_hal_i2c.o
    0x08000fa4   0x08000fa4   0x00000160   Code   RO          542    i.HAL_I2C_IsDeviceReady  stm32f1xx_hal_i2c.o
    0x08001104   0x08001104   0x00000002   Code   RO          543    i.HAL_I2C_ListenCpltCallback  stm32f1xx_hal_i2c.o
    0x08001106   0x08001106   0x00000002   Code   RO          544    i.HAL_I2C_MasterRxCpltCallback  stm32f1xx_hal_i2c.o
    0x08001108   0x08001108   0x00000002   Code   RO          545    i.HAL_I2C_MasterTxCpltCallback  stm32f1xx_hal_i2c.o
    0x0800110a   0x0800110a   0x00000002   PAD
    0x0800110c   0x0800110c   0x00000210   Code   RO          547    i.HAL_I2C_Master_Receive  stm32f1xx_hal_i2c.o
    0x0800131c   0x0800131c   0x00000138   Code   RO          552    i.HAL_I2C_Master_Transmit  stm32f1xx_hal_i2c.o
    0x08001454   0x08001454   0x00000002   Code   RO          555    i.HAL_I2C_MemRxCpltCallback  stm32f1xx_hal_i2c.o
    0x08001456   0x08001456   0x00000002   Code   RO          556    i.HAL_I2C_MemTxCpltCallback  stm32f1xx_hal_i2c.o
    0x08001458   0x08001458   0x00000090   Code   RO          417    i.HAL_I2C_MspInit   stm32f1xx_hal_msp.o
    0x080014e8   0x080014e8   0x00000002   Code   RO          565    i.HAL_I2C_SlaveRxCpltCallback  stm32f1xx_hal_i2c.o
    0x080014ea   0x080014ea   0x00000002   Code   RO          566    i.HAL_I2C_SlaveTxCpltCallback  stm32f1xx_hal_i2c.o
    0x080014ec   0x080014ec   0x00000010   Code   RO         2133    i.HAL_IncTick       stm32f1xx_hal.o
    0x080014fc   0x080014fc   0x00000024   Code   RO         2134    i.HAL_Init          stm32f1xx_hal.o
    0x08001520   0x08001520   0x00000040   Code   RO         2135    i.HAL_InitTick      stm32f1xx_hal.o
    0x08001560   0x08001560   0x0000003c   Code   RO          418    i.HAL_MspInit       stm32f1xx_hal_msp.o
    0x0800159c   0x0800159c   0x00000016   Code   RO         2581    i.HAL_NVIC_EnableIRQ  stm32f1xx_hal_cortex.o
    0x080015b2   0x080015b2   0x00000002   PAD
    0x080015b4   0x080015b4   0x00000040   Code   RO         2587    i.HAL_NVIC_SetPriority  stm32f1xx_hal_cortex.o
    0x080015f4   0x080015f4   0x00000024   Code   RO         2588    i.HAL_NVIC_SetPriorityGrouping  stm32f1xx_hal_cortex.o
    0x08001618   0x08001618   0x0000016c   Code   RO         2281    i.HAL_RCC_ClockConfig  stm32f1xx_hal_rcc.o
    0x08001784   0x08001784   0x00000020   Code   RO         2288    i.HAL_RCC_GetPCLK1Freq  stm32f1xx_hal_rcc.o
    0x080017a4   0x080017a4   0x00000020   Code   RO         2289    i.HAL_RCC_GetPCLK2Freq  stm32f1xx_hal_rcc.o
    0x080017c4   0x080017c4   0x0000006c   Code   RO         2290    i.HAL_RCC_GetSysClockFreq  stm32f1xx_hal_rcc.o
    0x08001830   0x08001830   0x00000304   Code   RO         2293    i.HAL_RCC_OscConfig  stm32f1xx_hal_rcc.o
    0x08001b34   0x08001b34   0x00000028   Code   RO         2592    i.HAL_SYSTICK_Config  stm32f1xx_hal_cortex.o
    0x08001b5c   0x08001b5c   0x00000002   Code   RO         1559    i.HAL_TIMEx_BreakCallback  stm32f1xx_hal_tim_ex.o
    0x08001b5e   0x08001b5e   0x00000002   Code   RO         1560    i.HAL_TIMEx_CommutationCallback  stm32f1xx_hal_tim_ex.o
    0x08001b60   0x08001b60   0x0000005a   Code   RO         1561    i.HAL_TIMEx_ConfigBreakDeadTime  stm32f1xx_hal_tim_ex.o
    0x08001bba   0x08001bba   0x00000050   Code   RO         1576    i.HAL_TIMEx_MasterConfigSynchronization  stm32f1xx_hal_tim_ex.o
    0x08001c0a   0x08001c0a   0x00000036   Code   RO          930    i.HAL_TIM_Base_Init  stm32f1xx_hal_tim.o
    0x08001c40   0x08001c40   0x00000054   Code   RO          420    i.HAL_TIM_Base_MspInit  stm32f1xx_hal_msp.o
    0x08001c94   0x08001c94   0x00000018   Code   RO          935    i.HAL_TIM_Base_Start_IT  stm32f1xx_hal_tim.o
    0x08001cac   0x08001cac   0x000000f2   Code   RO          939    i.HAL_TIM_ConfigClockSource  stm32f1xx_hal_tim.o
    0x08001d9e   0x08001d9e   0x00000096   Code   RO          948    i.HAL_TIM_Encoder_Init  stm32f1xx_hal_tim.o
    0x08001e34   0x08001e34   0x000000e8   Code   RO          422    i.HAL_TIM_Encoder_MspInit  stm32f1xx_hal_msp.o
    0x08001f1c   0x08001f1c   0x00000002   Code   RO          959    i.HAL_TIM_IC_CaptureCallback  stm32f1xx_hal_tim.o
    0x08001f1e   0x08001f1e   0x00000166   Code   RO          972    i.HAL_TIM_IRQHandler  stm32f1xx_hal_tim.o
    0x08002084   0x08002084   0x0000004c   Code   RO          423    i.HAL_TIM_MspPostInit  stm32f1xx_hal_msp.o
    0x080020d0   0x080020d0   0x00000002   Code   RO          975    i.HAL_TIM_OC_DelayElapsedCallback  stm32f1xx_hal_tim.o
    0x080020d2   0x080020d2   0x000000d0   Code   RO          996    i.HAL_TIM_PWM_ConfigChannel  stm32f1xx_hal_tim.o
    0x080021a2   0x080021a2   0x00000036   Code   RO          999    i.HAL_TIM_PWM_Init  stm32f1xx_hal_tim.o
    0x080021d8   0x080021d8   0x00000002   Code   RO         1001    i.HAL_TIM_PWM_MspInit  stm32f1xx_hal_tim.o
    0x080021da   0x080021da   0x00000002   Code   RO         1002    i.HAL_TIM_PWM_PulseFinishedCallback  stm32f1xx_hal_tim.o
    0x080021dc   0x080021dc   0x00000030   Code   RO         1003    i.HAL_TIM_PWM_Start  stm32f1xx_hal_tim.o
    0x0800220c   0x0800220c   0x00000218   Code   RO          184    i.HAL_TIM_PeriodElapsedCallback  main.o
    0x08002424   0x08002424   0x00000002   Code   RO         1013    i.HAL_TIM_TriggerCallback  stm32f1xx_hal_tim.o
    0x08002426   0x08002426   0x00000002   Code   RO         1813    i.HAL_UART_ErrorCallback  stm32f1xx_hal_uart.o
    0x08002428   0x08002428   0x00000110   Code   RO         1816    i.HAL_UART_IRQHandler  stm32f1xx_hal_uart.o
    0x08002538   0x08002538   0x00000062   Code   RO         1817    i.HAL_UART_Init     stm32f1xx_hal_uart.o
    0x0800259a   0x0800259a   0x00000002   PAD
    0x0800259c   0x0800259c   0x00000080   Code   RO          425    i.HAL_UART_MspInit  stm32f1xx_hal_msp.o
    0x0800261c   0x0800261c   0x00000002   Code   RO         1823    i.HAL_UART_RxCpltCallback  stm32f1xx_hal_uart.o
    0x0800261e   0x0800261e   0x00000002   Code   RO         1828    i.HAL_UART_TxCpltCallback  stm32f1xx_hal_uart.o
    0x08002620   0x08002620   0x00000002   Code   RO          306    i.HardFault_Handler  stm32f1xx_it.o
    0x08002622   0x08002622   0x00000002   PAD
    0x08002624   0x08002624   0x0000000c   Code   RO          307    i.I2C1_ER_IRQHandler  stm32f1xx_it.o
    0x08002630   0x08002630   0x0000000c   Code   RO          308    i.I2C1_EV_IRQHandler  stm32f1xx_it.o
    0x0800263c   0x0800263c   0x0000004e   Code   RO          575    i.I2C_DMAAbort      stm32f1xx_hal_i2c.o
    0x0800268a   0x0800268a   0x00000002   PAD
    0x0800268c   0x0800268c   0x00000124   Code   RO          578    i.I2C_ITError       stm32f1xx_hal_i2c.o
    0x080027b0   0x080027b0   0x00000028   Code   RO          579    i.I2C_IsAcknowledgeFailed  stm32f1xx_hal_i2c.o
    0x080027d8   0x080027d8   0x000000c8   Code   RO          580    i.I2C_MasterReceive_BTF  stm32f1xx_hal_i2c.o
    0x080028a0   0x080028a0   0x000000ae   Code   RO          581    i.I2C_MasterReceive_RXNE  stm32f1xx_hal_i2c.o
    0x0800294e   0x0800294e   0x000000de   Code   RO          582    i.I2C_MasterRequestRead  stm32f1xx_hal_i2c.o
    0x08002a2c   0x08002a2c   0x00000094   Code   RO          583    i.I2C_MasterRequestWrite  stm32f1xx_hal_i2c.o
    0x08002ac0   0x08002ac0   0x00000080   Code   RO          584    i.I2C_MasterTransmit_BTF  stm32f1xx_hal_i2c.o
    0x08002b40   0x08002b40   0x00000108   Code   RO          585    i.I2C_MasterTransmit_TXE  stm32f1xx_hal_i2c.o
    0x08002c48   0x08002c48   0x0000011a   Code   RO          586    i.I2C_Master_ADDR   stm32f1xx_hal_i2c.o
    0x08002d62   0x08002d62   0x0000005a   Code   RO          587    i.I2C_Master_SB     stm32f1xx_hal_i2c.o
    0x08002dbc   0x08002dbc   0x00000084   Code   RO          590    i.I2C_Slave_AF      stm32f1xx_hal_i2c.o
    0x08002e40   0x08002e40   0x000000dc   Code   RO          591    i.I2C_Slave_STOPF   stm32f1xx_hal_i2c.o
    0x08002f1c   0x08002f1c   0x0000004e   Code   RO          592    i.I2C_WaitOnBTFFlagUntilTimeout  stm32f1xx_hal_i2c.o
    0x08002f6a   0x08002f6a   0x00000060   Code   RO          593    i.I2C_WaitOnFlagUntilTimeout  stm32f1xx_hal_i2c.o
    0x08002fca   0x08002fca   0x00000002   PAD
    0x08002fcc   0x08002fcc   0x00000088   Code   RO          594    i.I2C_WaitOnMasterAddressFlagUntilTimeout  stm32f1xx_hal_i2c.o
    0x08003054   0x08003054   0x00000062   Code   RO          595    i.I2C_WaitOnRXNEFlagUntilTimeout  stm32f1xx_hal_i2c.o
    0x080030b6   0x080030b6   0x0000004e   Code   RO          596    i.I2C_WaitOnTXEFlagUntilTimeout  stm32f1xx_hal_i2c.o
    0x08003104   0x08003104   0x000000a8   Code   RO          185    i.MX_GPIO_Init      main.o
    0x080031ac   0x080031ac   0x000000ac   Code   RO          186    i.MX_TIM1_Init      main.o
    0x08003258   0x08003258   0x0000005c   Code   RO          187    i.MX_TIM2_Init      main.o
    0x080032b4   0x080032b4   0x0000005c   Code   RO          188    i.MX_TIM3_Init      main.o
    0x08003310   0x08003310   0x00000054   Code   RO          189    i.MX_TIM4_Init      main.o
    0x08003364   0x08003364   0x00000002   Code   RO          309    i.MemManage_Handler  stm32f1xx_it.o
    0x08003366   0x08003366   0x00000002   Code   RO          310    i.NMI_Handler       stm32f1xx_it.o
    0x08003368   0x08003368   0x00000020   Code   RO         2594    i.NVIC_SetPriority  stm32f1xx_hal_cortex.o
    0x08003388   0x08003388   0x000001ac   Code   RO          190    i.PID               main.o
    0x08003534   0x08003534   0x00000002   Code   RO          311    i.PendSV_Handler    stm32f1xx_it.o
    0x08003536   0x08003536   0x000000a0   Code   RO           15    i.SD_MPU6050_Init   sd_hal_mpu6050.o
    0x080035d6   0x080035d6   0x00000002   PAD
    0x080035d8   0x080035d8   0x00000090   Code   RO           17    i.SD_MPU6050_ReadAll  sd_hal_mpu6050.o
    0x08003668   0x08003668   0x0000008c   Code   RO           21    i.SD_MPU6050_SetAccelerometer  sd_hal_mpu6050.o
    0x080036f4   0x080036f4   0x00000028   Code   RO           22    i.SD_MPU6050_SetDataRate  sd_hal_mpu6050.o
    0x0800371c   0x0800371c   0x00000094   Code   RO           23    i.SD_MPU6050_SetGyroscope  sd_hal_mpu6050.o
    0x080037b0   0x080037b0   0x00000002   Code   RO          312    i.SVC_Handler       stm32f1xx_it.o
    0x080037b2   0x080037b2   0x00000004   Code   RO          313    i.SysTick_Handler   stm32f1xx_it.o
    0x080037b6   0x080037b6   0x00000040   Code   RO          191    i.SystemClock_Config  main.o
    0x080037f6   0x080037f6   0x00000002   PAD
    0x080037f8   0x080037f8   0x00000048   Code   RO         3010    i.SystemInit        system_stm32f1xx.o
    0x08003840   0x08003840   0x0000000c   Code   RO          314    i.TIM2_IRQHandler   stm32f1xx_it.o
    0x0800384c   0x0800384c   0x0000000c   Code   RO          315    i.TIM3_IRQHandler   stm32f1xx_it.o
    0x08003858   0x08003858   0x0000000c   Code   RO          316    i.TIM4_IRQHandler   stm32f1xx_it.o
    0x08003864   0x08003864   0x0000006c   Code   RO         1014    i.TIM_Base_SetConfig  stm32f1xx_hal_tim.o
    0x080038d0   0x080038d0   0x00000016   Code   RO         1015    i.TIM_CCxChannelCmd  stm32f1xx_hal_tim.o
    0x080038e6   0x080038e6   0x00000014   Code   RO         1021    i.TIM_ETR_SetConfig  stm32f1xx_hal_tim.o
    0x080038fa   0x080038fa   0x00000010   Code   RO         1022    i.TIM_ITRx_SetConfig  stm32f1xx_hal_tim.o
    0x0800390a   0x0800390a   0x00000002   PAD
    0x0800390c   0x0800390c   0x00000050   Code   RO         1023    i.TIM_OC1_SetConfig  stm32f1xx_hal_tim.o
    0x0800395c   0x0800395c   0x00000058   Code   RO         1024    i.TIM_OC2_SetConfig  stm32f1xx_hal_tim.o
    0x080039b4   0x080039b4   0x00000058   Code   RO         1025    i.TIM_OC3_SetConfig  stm32f1xx_hal_tim.o
    0x08003a0c   0x08003a0c   0x00000044   Code   RO         1026    i.TIM_OC4_SetConfig  stm32f1xx_hal_tim.o
    0x08003a50   0x08003a50   0x00000022   Code   RO         1028    i.TIM_TI1_ConfigInputStage  stm32f1xx_hal_tim.o
    0x08003a72   0x08003a72   0x00000024   Code   RO         1030    i.TIM_TI2_ConfigInputStage  stm32f1xx_hal_tim.o
    0x08003a96   0x08003a96   0x00000010   Code   RO         1830    i.UART_DMAAbortOnError  stm32f1xx_hal_uart.o
    0x08003aa6   0x08003aa6   0x0000001c   Code   RO         1840    i.UART_EndRxTransfer  stm32f1xx_hal_uart.o
    0x08003ac2   0x08003ac2   0x00000096   Code   RO         1842    i.UART_Receive_IT   stm32f1xx_hal_uart.o
    0x08003b58   0x08003b58   0x00000170   Code   RO         1843    i.UART_SetConfig    stm32f1xx_hal_uart.o
    0x08003cc8   0x08003cc8   0x00000062   Code   RO         1844    i.UART_Transmit_IT  stm32f1xx_hal_uart.o
    0x08003d2a   0x08003d2a   0x00000002   PAD
    0x08003d2c   0x08003d2c   0x0000000c   Code   RO          317    i.USART3_IRQHandler  stm32f1xx_it.o
    0x08003d38   0x08003d38   0x00000002   Code   RO          318    i.UsageFault_Handler  stm32f1xx_it.o
    0x08003d3a   0x08003d3a   0x00000028   Code   RO         3152    i.__ARM_fpclassify  m_ws.l(fpclassify.o)
    0x08003d62   0x08003d62   0x000000aa   Code   RO         3154    i.__kernel_poly     m_ws.l(poly.o)
    0x08003e0c   0x08003e0c   0x00000006   Code   RO         3104    i.__mathlib_dbl_infnan  m_ws.l(dunder.o)
    0x08003e12   0x08003e12   0x00000004   Code   RO         3105    i.__mathlib_dbl_infnan2  m_ws.l(dunder.o)
    0x08003e16   0x08003e16   0x00000002   PAD
    0x08003e18   0x08003e18   0x00000010   Code   RO         3109    i.__mathlib_dbl_underflow  m_ws.l(dunder.o)
    0x08003e28   0x08003e28   0x0000000e   Code   RO         3160    i.__scatterload_copy  mc_w.l(handlers.o)
    0x08003e36   0x08003e36   0x00000002   Code   RO         3161    i.__scatterload_null  mc_w.l(handlers.o)
    0x08003e38   0x08003e38   0x0000000e   Code   RO         3162    i.__scatterload_zeroinit  mc_w.l(handlers.o)
    0x08003e46   0x08003e46   0x00000002   PAD
    0x08003e48   0x08003e48   0x0000000c   Code   RO         3138    i.__set_errno       mc_w.l(errno.o)
    0x08003e54   0x08003e54   0x00000220   Code   RO         3094    i.atan              m_ws.l(atan.o)
    0x08004074   0x08004074   0x00000180   Code   RO         3045    i.atan2             m_ws.l(atan2.o)
    0x080041f4   0x080041f4   0x00000090   Code   RO          193    i.main              main.o
    0x08004284   0x08004284   0x000000a4   Code   RO          194    i.move              main.o
    0x08004328   0x08004328   0x0000004c   Code   RO         3053    i.sqrt              m_ws.l(sqrt.o)
    0x08004374   0x08004374   0x00000010   Data   RO         3011    .constdata          system_stm32f1xx.o
    0x08004384   0x08004384   0x00000008   Data   RO         3012    .constdata          system_stm32f1xx.o
    0x0800438c   0x0800438c   0x00000004   PAD
    0x08004390   0x08004390   0x00000098   Data   RO         3095    .constdata          m_ws.l(atan.o)
    0x08004428   0x08004428   0x00000008   Data   RO         3117    .constdata          m_ws.l(qnan.o)
    0x08004430   0x08004430   0x00000020   Data   RO         3158    Region$$Table       anon$$obj.o


    Execution Region RW_IRAM1 (Exec base: 0x20000000, Load base: 0x08004450, Size: 0x00000650, Max: 0x00005000, ABSOLUTE)

    Exec Addr    Load Addr    Size         Type   Attr      Idx    E Section Name        Object

    0x20000000   0x08004450   0x00000088   Data   RW          203    .data               main.o
    0x20000088   0x080044d8   0x0000000c   Data   RW         2141    .data               stm32f1xx_hal.o
    0x20000094   0x080044e4   0x00000004   Data   RW         3013    .data               system_stm32f1xx.o
    0x20000098   0x080044e8   0x00000004   Data   RW         3139    .data               mc_w.l(errno.o)
    0x2000009c        -       0x000001b0   Zero   RW          195    .bss                main.o
    0x2000024c   0x080044ec   0x00000004   PAD
    0x20000250        -       0x00000400   Zero   RW            1    STACK               startup_stm32f103xb.o


==============================================================================

Image component sizes


      Code (inc. data)   RO Data    RW Data    ZI Data      Debug   Object Name

      1944        172          0        136        432       8914   main.o
       632         24          0          0          0     444664   sd_hal_mpu6050.o
        36          8        236          0       1024        796   startup_stm32f103xb.o
       128         24          0         12          0       5257   stm32f1xx_hal.o
       194         14          0          0          0      25723   stm32f1xx_hal_cortex.o
       152          4          0          0          0       1091   stm32f1xx_hal_dma.o
       454         36          0          0          0       2864   stm32f1xx_hal_gpio.o
      4992         92          0          0          0      29768   stm32f1xx_hal_i2c.o
       724         82          0          0          0       4398   stm32f1xx_hal_msp.o
      1308         98          0          0          0       5196   stm32f1xx_hal_rcc.o
      1708         40          0          0          0      16167   stm32f1xx_hal_tim.o
       174          0          0          0          0       3098   stm32f1xx_hal_tim_ex.o
      1036         10          0          0          0       6979   stm32f1xx_hal_uart.o
        92         36          0          0          0       6262   stm32f1xx_it.o
        72         16         24          4          0       1139   system_stm32f1xx.o

    ----------------------------------------------------------------------
     13670        656        296        152       1460     562316   Object Totals
         0          0         32          0          0          0   (incl. Generated)
        24          0          4          0          4          0   (incl. Padding)

    ----------------------------------------------------------------------

      Code (inc. data)   RO Data    RW Data    ZI Data      Debug   Library Member Name

       544         70        152          0          0        124   atan.o
       384         38          0          0          0        144   atan2.o
        26          6          0          0          0        204   dunder.o
        40          0          0          0          0         68   fpclassify.o
       170          0          0          0          0         96   poly.o
         0          0          8          0          0          0   qnan.o
        76          0          0          0          0         84   sqrt.o
         0          0          0          0          0          0   entry.o
         0          0          0          0          0          0   entry10a.o
         0          0          0          0          0          0   entry11a.o
         8          4          0          0          0          0   entry2.o
         4          0          0          0          0          0   entry5.o
         0          0          0          0          0          0   entry7b.o
         0          0          0          0          0          0   entry8b.o
         8          4          0          0          0          0   entry9a.o
        12          6          0          4          0         68   errno.o
        30          0          0          0          0          0   handlers.o
        36          8          0          0          0         68   init.o
         0          0          0          0          0          0   iusefp.o
        30          0          0          0          0         68   llshl.o
        36          0          0          0          0         68   llsshr.o
        32          0          0          0          0         68   llushr.o
        36          0          0          0          0        108   memseta.o
        20          0          0          0          0         68   cfrcmple.o
        56          0          0          0          0         88   d2f.o
       334          0          0          0          0        148   dadd.o
       222          0          0          0          0        100   ddiv.o
       186          0          0          0          0        176   depilogue.o
       228          0          0          0          0         96   dmul.o
        46          0          0          0          0         80   dscalb.o
       162          0          0          0          0        100   dsqrt.o
        38          0          0          0          0         68   f2d.o
       176          0          0          0          0        140   fadd.o
       124          0          0          0          0         88   fdiv.o
       110          0          0          0          0        168   fepilogue.o
        40          0          0          0          0         68   ffixui.o
        18          0          0          0          0         68   fflti.o
       100          0          0          0          0         76   fmul.o
        24          0          0          0          0         68   fscalb.o

    ----------------------------------------------------------------------
      3362        136        160          4          0       2768   Library Totals
         6          0          0          0          0          0   (incl. Padding)

    ----------------------------------------------------------------------

      Code (inc. data)   RO Data    RW Data    ZI Data      Debug   Library Name

      1240        114        160          0          0        720   m_ws.l
       232         22          0          4          0        448   mc_w.l
      1884          0          0          0          0       1600   mf_w.l

    ----------------------------------------------------------------------
      3362        136        160          4          0       2768   Library Totals

    ----------------------------------------------------------------------

==============================================================================


      Code (inc. data)   RO Data    RW Data    ZI Data      Debug   

     17032        792        456        156       1460     557436   Grand Totals
     17032        792        456        156       1460     557436   ELF Image Totals
     17032        792        456        156          0          0   ROM Totals

==============================================================================

    Total RO  Size (Code + RO Data)                17488 (  17.08kB)
    Total RW  Size (RW Data + ZI Data)              1616 (   1.58kB)
    Total ROM Size (Code + RO Data + RW Data)      17644 (  17.23kB)

==============================================================================

